ARM Linker, 5.03 [Build 76] [MDK-ARM Lite]

==============================================================================

Section Cross References

    startup_stm32f407xx.o(RESET) refers to startup_stm32f407xx.o(STACK) for __initial_sp
    startup_stm32f407xx.o(RESET) refers to startup_stm32f407xx.o(.text) for Reset_Handler
    startup_stm32f407xx.o(RESET) refers to stm32f4xx_it.o(i.NMI_Handler) for NMI_Handler
    startup_stm32f407xx.o(RESET) refers to stm32f4xx_it.o(i.HardFault_Handler) for HardFault_Handler
    startup_stm32f407xx.o(RESET) refers to stm32f4xx_it.o(i.MemManage_Handler) for MemManage_Handler
    startup_stm32f407xx.o(RESET) refers to stm32f4xx_it.o(i.BusFault_Handler) for BusFault_Handler
    startup_stm32f407xx.o(RESET) refers to stm32f4xx_it.o(i.UsageFault_Handler) for UsageFault_Handler
    startup_stm32f407xx.o(RESET) refers to stm32f4xx_it.o(i.SVC_Handler) for SVC_Handler
    startup_stm32f407xx.o(RESET) refers to stm32f4xx_it.o(i.DebugMon_Handler) for DebugMon_Handler
    startup_stm32f407xx.o(RESET) refers to stm32f4xx_it.o(i.PendSV_Handler) for PendSV_Handler
    startup_stm32f407xx.o(RESET) refers to stm32f4xx_it.o(i.SysTick_Handler) for SysTick_Handler
    startup_stm32f407xx.o(.text) refers to system_stm32f4xx.o(i.SystemInit) for SystemInit
    startup_stm32f407xx.o(.text) refers to entry.o(.ARM.Collect$$$$00000000) for __main
    system_stm32f4xx.o(i.SystemCoreClockUpdate) refers to system_stm32f4xx.o(.data) for .data
    system_stm32f4xx.o(i.SystemCoreClockUpdate) refers to system_stm32f4xx.o(.constdata) for .constdata
    stm32f4xx_hal_cortex.o(i.HAL_NVIC_SetPriority) refers to stm32f4xx_hal_cortex.o(i.NVIC_SetPriority) for NVIC_SetPriority
    stm32f4xx_hal_cortex.o(i.HAL_SYSTICK_Config) refers to stm32f4xx_hal_cortex.o(i.NVIC_SetPriority) for NVIC_SetPriority
    stm32f4xx_hal_cortex.o(i.HAL_SYSTICK_IRQHandler) refers to stm32f4xx_hal_cortex.o(i.HAL_SYSTICK_Callback) for HAL_SYSTICK_Callback
    stm32f4xx_hal_rcc_ex.o(i.HAL_RCCEx_PeriphCLKConfig) refers to stm32f4xx_hal.o(i.HAL_GetTick) for HAL_GetTick
    stm32f4xx_hal_rcc_ex.o(i.HAL_RCC_DeInit) refers to system_stm32f4xx.o(.data) for SystemCoreClock
    stm32f4xx_hal_pwr_ex.o(i.HAL_PWREx_ControlVoltageScaling) refers to stm32f4xx_hal.o(i.HAL_GetTick) for HAL_GetTick
    stm32f4xx_hal_pwr_ex.o(i.HAL_PWREx_DisableBkUpReg) refers to stm32f4xx_hal.o(i.HAL_GetTick) for HAL_GetTick
    stm32f4xx_hal_pwr_ex.o(i.HAL_PWREx_EnableBkUpReg) refers to stm32f4xx_hal.o(i.HAL_GetTick) for HAL_GetTick
    stm32f4xx_hal_uart.o(i.HAL_HalfDuplex_Init) refers to stm32f4xx_hal_msp.o(i.HAL_UART_MspInit) for HAL_UART_MspInit
    stm32f4xx_hal_uart.o(i.HAL_HalfDuplex_Init) refers to stm32f4xx_hal_uart.o(i.UART_SetConfig) for UART_SetConfig
    stm32f4xx_hal_uart.o(i.HAL_LIN_Init) refers to stm32f4xx_hal_msp.o(i.HAL_UART_MspInit) for HAL_UART_MspInit
    stm32f4xx_hal_uart.o(i.HAL_LIN_Init) refers to stm32f4xx_hal_uart.o(i.UART_SetConfig) for UART_SetConfig
    stm32f4xx_hal_uart.o(i.HAL_MultiProcessor_Init) refers to stm32f4xx_hal_msp.o(i.HAL_UART_MspInit) for HAL_UART_MspInit
    stm32f4xx_hal_uart.o(i.HAL_MultiProcessor_Init) refers to stm32f4xx_hal_uart.o(i.UART_SetConfig) for UART_SetConfig
    stm32f4xx_hal_uart.o(i.HAL_UART_Abort) refers to stm32f4xx_hal_dma.o(i.HAL_DMA_Abort) for HAL_DMA_Abort
    stm32f4xx_hal_uart.o(i.HAL_UART_AbortReceive) refers to stm32f4xx_hal_dma.o(i.HAL_DMA_Abort) for HAL_DMA_Abort
    stm32f4xx_hal_uart.o(i.HAL_UART_AbortReceive_IT) refers to stm32f4xx_hal_dma.o(i.HAL_DMA_Abort_IT) for HAL_DMA_Abort_IT
    stm32f4xx_hal_uart.o(i.HAL_UART_AbortReceive_IT) refers to stm32f4xx_hal_uart.o(i.HAL_UART_AbortReceiveCpltCallback) for HAL_UART_AbortReceiveCpltCallback
    stm32f4xx_hal_uart.o(i.HAL_UART_AbortReceive_IT) refers to stm32f4xx_hal_uart.o(i.UART_DMARxOnlyAbortCallback) for UART_DMARxOnlyAbortCallback
    stm32f4xx_hal_uart.o(i.HAL_UART_AbortTransmit) refers to stm32f4xx_hal_dma.o(i.HAL_DMA_Abort) for HAL_DMA_Abort
    stm32f4xx_hal_uart.o(i.HAL_UART_AbortTransmit_IT) refers to stm32f4xx_hal_dma.o(i.HAL_DMA_Abort_IT) for HAL_DMA_Abort_IT
    stm32f4xx_hal_uart.o(i.HAL_UART_AbortTransmit_IT) refers to stm32f4xx_hal_uart.o(i.HAL_UART_AbortTransmitCpltCallback) for HAL_UART_AbortTransmitCpltCallback
    stm32f4xx_hal_uart.o(i.HAL_UART_AbortTransmit_IT) refers to stm32f4xx_hal_uart.o(i.UART_DMATxOnlyAbortCallback) for UART_DMATxOnlyAbortCallback
    stm32f4xx_hal_uart.o(i.HAL_UART_Abort_IT) refers to stm32f4xx_hal_dma.o(i.HAL_DMA_Abort_IT) for HAL_DMA_Abort_IT
    stm32f4xx_hal_uart.o(i.HAL_UART_Abort_IT) refers to stm32f4xx_hal_uart.o(i.HAL_UART_AbortCpltCallback) for HAL_UART_AbortCpltCallback
    stm32f4xx_hal_uart.o(i.HAL_UART_Abort_IT) refers to stm32f4xx_hal_uart.o(i.UART_DMATxAbortCallback) for UART_DMATxAbortCallback
    stm32f4xx_hal_uart.o(i.HAL_UART_Abort_IT) refers to stm32f4xx_hal_uart.o(i.UART_DMARxAbortCallback) for UART_DMARxAbortCallback
[...]
    lcd.o(i.WriteNewCoordin) refers to stm32f4xx_hal_gpio.o(i.HAL_GPIO_WritePin) for HAL_GPIO_WritePin
    lcd.o(i.WriteNewCoordin) refers to flash_memory.o(i.WriteDeviceAddress) for WriteDeviceAddress
    gps.o(i.StringInFloat) refers to gps.o(i.Output_Line) for Output_Line
    gps.o(i.StringInFloat) refers to strcpy.o(.text) for strcpy
    gps.o(i.StringInFloat) refers to atof.o(i.__hardfp_atof) for __hardfp_atof
    gps.o(i.WriteGPSinMassiv) refers to stm32f4xx_hal_uart.o(i.HAL_UART_Receive) for HAL_UART_Receive
    gps.o(i.WriteGPSinMassiv) refers to main.o(.bss) for huart3
    tm_stm32f4_pcd8544.o(i.PCD8544_Clear) refers to tm_stm32f4_pcd8544.o(i.PCD8544_Home) for PCD8544_Home
    tm_stm32f4_pcd8544.o(i.PCD8544_Clear) refers to tm_stm32f4_pcd8544.o(i.PCD8544_GotoXY) for PCD8544_GotoXY
    tm_stm32f4_pcd8544.o(i.PCD8544_Clear) refers to tm_stm32f4_pcd8544.o(i.PCD8544_UpdateArea) for PCD8544_UpdateArea
    tm_stm32f4_pcd8544.o(i.PCD8544_Clear) refers to tm_stm32f4_pcd8544.o(i.PCD8544_Refresh) for PCD8544_Refresh
    tm_stm32f4_pcd8544.o(i.PCD8544_Clear) refers to tm_stm32f4_pcd8544.o(.bss) for .bss
    tm_stm32f4_pcd8544.o(i.PCD8544_DrawCircle) refers to tm_stm32f4_pcd8544.o(i.PCD8544_DrawPixel) for PCD8544_DrawPixel
    tm_stm32f4_pcd8544.o(i.PCD8544_DrawFilledCircle) refers to tm_stm32f4_pcd8544.o(i.PCD8544_DrawPixel) for PCD8544_DrawPixel
    tm_stm32f4_pcd8544.o(i.PCD8544_DrawFilledCircle) refers to tm_stm32f4_pcd8544.o(i.PCD8544_DrawLine) for PCD8544_DrawLine
    tm_stm32f4_pcd8544.o(i.PCD8544_DrawFilledRectangle) refers to tm_stm32f4_pcd8544.o(i.PCD8544_DrawLine) for PCD8544_DrawLine
    tm_stm32f4_pcd8544.o(i.PCD8544_DrawLine) refers to tm_stm32f4_pcd8544.o(i.PCD8544_DrawPixel) for PCD8544_DrawPixel
    tm_stm32f4_pcd8544.o(i.PCD8544_DrawPixel) refers to tm_stm32f4_pcd8544.o(i.PCD8544_UpdateArea) for PCD8544_UpdateArea
    tm_stm32f4_pcd8544.o(i.PCD8544_DrawPixel) refers to tm_stm32f4_pcd8544.o(.bss) for .bss
    tm_stm32f4_pcd8544.o(i.PCD8544_DrawRectangle) refers to tm_stm32f4_pcd8544.o(i.PCD8544_DrawLine) for PCD8544_DrawLine
    tm_stm32f4_pcd8544.o(i.PCD8544_GotoXY) refers to tm_stm32f4_pcd8544.o(.data) for .data
    tm_stm32f4_pcd8544.o(i.PCD8544_Home) refers to tm_stm32f4_pcd8544.o(i.PCD8544_Write) for PCD8544_Write
    tm_stm32f4_pcd8544.o(i.PCD8544_Init) refers to tm_stm32f4_pcd8544.o(i.PCD8544_Pin) for PCD8544_Pin
    tm_stm32f4_pcd8544.o(i.PCD8544_Init) refers to stm32f4xx_hal.o(i.HAL_Delay) for HAL_Delay
    tm_stm32f4_pcd8544.o(i.PCD8544_Init) refers to tm_stm32f4_pcd8544.o(i.PCD8544_Write) for PCD8544_Write
    tm_stm32f4_pcd8544.o(i.PCD8544_Init) refers to tm_stm32f4_pcd8544.o(i.PCD8544_Home) for PCD8544_Home
    tm_stm32f4_pcd8544.o(i.PCD8544_Init) refers to tm_stm32f4_pcd8544.o(i.PCD8544_Clear) for PCD8544_Clear
    tm_stm32f4_pcd8544.o(i.PCD8544_Invert) refers to tm_stm32f4_pcd8544.o(i.PCD8544_Write) for PCD8544_Write
    tm_stm32f4_pcd8544.o(i.PCD8544_Pin) refers to stm32f4xx_hal_gpio.o(i.HAL_GPIO_WritePin) for HAL_GPIO_WritePin
    tm_stm32f4_pcd8544.o(i.PCD8544_Putc) refers to tm_stm32f4_pcd8544.o(i.PCD8544_DrawPixel) for PCD8544_DrawPixel
    tm_stm32f4_pcd8544.o(i.PCD8544_Putc) refers to tm_stm32f4_pcd8544.o(.data) for .data
    tm_stm32f4_pcd8544.o(i.PCD8544_Putc) refers to tm_stm32f4_pcd8544.o(.constdata) for .constdata
    tm_stm32f4_pcd8544.o(i.PCD8544_Puts) refers to tm_stm32f4_pcd8544.o(i.PCD8544_Putc) for PCD8544_Putc
    tm_stm32f4_pcd8544.o(i.PCD8544_Refresh) refers to tm_stm32f4_pcd8544.o(i.PCD8544_Write) for PCD8544_Write
    tm_stm32f4_pcd8544.o(i.PCD8544_Refresh) refers to tm_stm32f4_pcd8544.o(.data) for .data
    tm_stm32f4_pcd8544.o(i.PCD8544_Refresh) refers to tm_stm32f4_pcd8544.o(.bss) for .bss
    tm_stm32f4_pcd8544.o(i.PCD8544_SetContrast) refers to tm_stm32f4_pcd8544.o(i.PCD8544_Write) for PCD8544_Write
    tm_stm32f4_pcd8544.o(i.PCD8544_UpdateArea) refers to tm_stm32f4_pcd8544.o(.data) for .data
    tm_stm32f4_pcd8544.o(i.PCD8544_Write) refers to tm_stm32f4_pcd8544.o(i.PCD8544_Pin) for PCD8544_Pin
    tm_stm32f4_pcd8544.o(i.PCD8544_Write) refers to tm_stm32f4_pcd8544.o(i.PCD8544_send) for PCD8544_send
    tm_stm32f4_pcd8544.o(i.PCD8544_send) refers to stm32f4xx_hal_gpio.o(i.HAL_GPIO_WritePin) for HAL_GPIO_WritePin
    tm_stm32f4_pcd8544.o(i.PCD8544_send) refers to stm32f4xx_hal_spi.o(i.HAL_SPI_Transmit) for HAL_SPI_Transmit
    tm_stm32f4_pcd8544.o(i.PCD8544_send) refers to main.o(.bss) for hspi2
    atof.o(i.__hardfp_atof) refers (Special) to iusefp.o(.text) for __I$use$fp
    atof.o(i.__hardfp_atof) refers to errno.o(i.__read_errno) for __read_errno
    atof.o(i.__hardfp_atof) refers to strtod.o(.text) for __strtod_int
    atof.o(i.__hardfp_atof) refers to errno.o(i.__set_errno) for __set_errno
    atof.o(i.__softfp_atof) refers (Special) to iusefp.o(.text) for __I$use$fp
    atof.o(i.__softfp_atof) refers to errno.o(i.__read_errno) for __read_errno
    atof.o(i.__softfp_atof) refers to strtod.o(.text) for __strtod_int
    atof.o(i.__softfp_atof) refers to errno.o(i.__set_errno) for __set_errno
    atof.o(i.atof) refers (Special) to iusefp.o(.text) for __I$use$fp
    atof.o(i.atof) refers to errno.o(i.__read_errno) for __read_errno
    atof.o(i.atof) refers to strtod.o(.text) for __strtod_int
    atof.o(i.atof) refers to errno.o(i.__set_errno) for __set_errno
    entry.o(.ARM.Collect$$$$00000000) refers (Special) to entry10a.o(.ARM.Collect$$$$0000000D) for __rt_final_cpp
    entry.o(.ARM.Collect$$$$00000000) refers (Special) to entry11a.o(.ARM.Collect$$$$0000000F) for __rt_final_exit
    entry.o(.ARM.Collect$$$$00000000) refers (Special) to entry7b.o(.ARM.Collect$$$$00000008) for _main_clock
    entry.o(.ARM.Collect$$$$00000000) refers (Special) to entry8b.o(.ARM.Collect$$$$0000000A) for _main_cpp_init
    entry.o(.ARM.Collect$$$$00000000) refers (Special) to entry9a.o(.ARM.Collect$$$$0000000B) for _main_init
    entry.o(.ARM.Collect$$$$00000000) refers (Special) to entry5.o(.ARM.Collect$$$$00000004) for _main_scatterload
    entry.o(.ARM.Collect$$$$00000000) refers (Special) to entry2.o(.ARM.Collect$$$$00000001) for _main_stk
    entry2.o(.ARM.Collect$$$$00000001) refers to entry2.o(.ARM.Collect$$$$00002712) for __lit__00000000
    entry2.o(.ARM.Collect$$$$00002712) refers to startup_stm32f407xx.o(STACK) for __initial_sp
    entry2.o(__vectab_stack_and_reset_area) refers to startup_stm32f407xx.o(STACK) for __initial_sp
    entry2.o(__vectab_stack_and_reset_area) refers to entry.o(.ARM.Collect$$$$00000000) for __main
    entry5.o(.ARM.Collect$$$$00000004) refers to init.o(.text) for __scatterload
    entry9a.o(.ARM.Collect$$$$0000000B) refers to main.o(i.main) for main
    entry9b.o(.ARM.Collect$$$$0000000C) refers to main.o(i.main) for main
    errno.o(i.__aeabi_errno_addr) refers to errno.o(.data) for .data
    errno.o(i.__read_errno) refers to errno.o(.data) for .data
    errno.o(i.__set_errno) refers to errno.o(.data) for .data
    strtod.o(.text) refers to scanf_fp.o(.text) for _scanf_real
    strtod.o(.text) refers to _sgetc.o(.text) for _sgetc
    strtod.o(.text) refers to isspace_c.o(.text) for isspace
    init.o(.text) refers to entry5.o(.ARM.Collect$$$$00000004) for __main_after_scatterload
    isspace_c.o(.text) refers to ctype_c.o(.text) for __ctype_lookup
    scanf_fp.o(.text) refers (Special) to iusefp.o(.text) for __I$use$fp
    scanf_fp.o(.text) refers to dfltul.o(.text) for __aeabi_ul2d
    scanf_fp.o(.text) refers to dmul.o(.text) for __aeabi_dmul
    scanf_fp.o(.text) refers to ddiv.o(.text) for __aeabi_ddiv
    scanf_fp.o(.text) refers to scanf_fp.o(i._is_digit) for _is_digit
    scanf_fp.o(.text) refers to d2f.o(.text) for __aeabi_d2f
    ctype_c.o(.text) refers to ctype_c.o(.constdata) for .constdata
    dmul.o(.text) refers to depilogue.o(.text) for _double_epilogue
    ddiv.o(.text) refers to depilogue.o(.text) for _double_round
    dfltul.o(.text) refers to depilogue.o(.text) for _double_epilogue
    d2f.o(.text) refers to fepilogue.o(.text) for _float_round
    depilogue.o(.text) refers to llshl.o(.text) for __aeabi_llsl
    depilogue.o(.text) refers to llushr.o(.text) for __aeabi_llsr
    scanf_fp.o(i._is_digit) refers (Special) to iusefp.o(.text) for __I$use$fp


==============================================================================

Removing Unused input sections from the image.

    Removing startup_stm32f407xx.o(HEAP), (512 bytes).
    Removing system_stm32f4xx.o(.rev16_text), (4 bytes).
    Removing system_stm32f4xx.o(.revsh_text), (4 bytes).
    Removing system_stm32f4xx.o(.rrx_text), (6 bytes).
    Removing system_stm32f4xx.o(i.SystemCoreClockUpdate), (120 bytes).
    Removing stm32f4xx_hal_cortex.o(.rev16_text), (4 bytes).
    Removing stm32f4xx_hal_cortex.o(.revsh_text), (4 bytes).
    Removing stm32f4xx_hal_cortex.o(.rrx_text), (6 bytes).
    Removing stm32f4xx_hal_cortex.o(i.HAL_MPU_ConfigRegion), (84 bytes).
    Removing stm32f4xx_hal_cortex.o(i.HAL_MPU_Disable), (28 bytes).
    Removing stm32f4xx_hal_cortex.o(i.HAL_MPU_Enable), (36 bytes).
    Removing stm32f4xx_hal_cortex.o(i.HAL_NVIC_ClearPendingIRQ), (24 bytes).
    Removing stm32f4xx_hal_cortex.o(i.HAL_NVIC_DisableIRQ), (24 bytes).
    Removing stm32f4xx_hal_cortex.o(i.HAL_NVIC_EnableIRQ), (24 bytes).
    Removing stm32f4xx_hal_cortex.o(i.HAL_NVIC_GetActive), (34 bytes).
    Removing stm32f4xx_hal_cortex.o(i.HAL_NVIC_GetPendingIRQ), (34 bytes).
    Removing stm32f4xx_hal_cortex.o(i.HAL_NVIC_GetPriority), (80 bytes).
    Removing stm32f4xx_hal_cortex.o(i.HAL_NVIC_GetPriorityGrouping), (16 bytes).
    Removing stm32f4xx_hal_cortex.o(i.HAL_NVIC_SetPendingIRQ), (24 bytes).
    Removing stm32f4xx_hal_cortex.o(i.HAL_NVIC_SystemReset), (36 bytes).
    Removing stm32f4xx_hal_flash_ramfunc.o(.rev16_text), (4 bytes).
    Removing stm32f4xx_hal_flash_ramfunc.o(.revsh_text), (4 bytes).
    Removing stm32f4xx_hal_flash_ramfunc.o(.rrx_text), (6 bytes).
    Removing stm32f4xx_hal_rcc_ex.o(.rev16_text), (4 bytes).
    Removing stm32f4xx_hal_rcc_ex.o(.revsh_text), (4 bytes).
    Removing stm32f4xx_hal_rcc_ex.o(.rrx_text), (6 bytes).
    Removing stm32f4xx_hal_rcc_ex.o(i.HAL_RCCEx_GetPeriphCLKConfig), (80 bytes).
    Removing stm32f4xx_hal_rcc_ex.o(i.HAL_RCCEx_GetPeriphCLKFreq), (92 bytes).
    Removing stm32f4xx_hal_rcc_ex.o(i.HAL_RCCEx_PeriphCLKConfig), (340 bytes).
    Removing stm32f4xx_hal_rcc_ex.o(i.HAL_RCC_DeInit), (92 bytes).
    Removing stm32f4xx_hal_pwr_ex.o(.rev16_text), (4 bytes).
    Removing stm32f4xx_hal_pwr_ex.o(.revsh_text), (4 bytes).
    Removing stm32f4xx_hal_pwr_ex.o(.rrx_text), (6 bytes).
    Removing stm32f4xx_hal_pwr_ex.o(i.HAL_PWREx_ControlVoltageScaling), (88 bytes).
    Removing stm32f4xx_hal_pwr_ex.o(i.HAL_PWREx_DisableBkUpReg), (76 bytes).
    Removing stm32f4xx_hal_pwr_ex.o(i.HAL_PWREx_DisableFlashPowerDown), (28 bytes).
    Removing stm32f4xx_hal_pwr_ex.o(i.HAL_PWREx_EnableBkUpReg), (76 bytes).
    Removing stm32f4xx_hal_pwr_ex.o(i.HAL_PWREx_EnableFlashPowerDown), (24 bytes).
    Removing stm32f4xx_hal_pwr_ex.o(i.HAL_PWREx_GetVoltageRange), (16 bytes).
    Removing stm32f4xx_hal_uart.o(.rev16_text), (4 bytes).
    Removing stm32f4xx_hal_uart.o(.revsh_text), (4 bytes).
    Removing stm32f4xx_hal_uart.o(.rrx_text), (6 bytes).
    Removing stm32f4xx_hal_uart.o(i.HAL_HalfDuplex_EnableReceiver), (50 bytes).
    Removing stm32f4xx_hal_uart.o(i.HAL_HalfDuplex_EnableTransmitter), (50 bytes).
    Removing stm32f4xx_hal_uart.o(i.HAL_HalfDuplex_Init), (108 bytes).
    Removing stm32f4xx_hal_uart.o(i.HAL_LIN_Init), (128 bytes).
    Removing stm32f4xx_hal_uart.o(i.HAL_LIN_SendBreak), (46 bytes).
    Removing stm32f4xx_hal_uart.o(i.HAL_MultiProcessor_EnterMuteMode), (46 bytes).
    Removing stm32f4xx_hal_uart.o(i.HAL_MultiProcessor_ExitMuteMode), (46 bytes).
    Removing stm32f4xx_hal_uart.o(i.HAL_MultiProcessor_Init), (142 bytes).
    Removing stm32f4xx_hal_uart.o(i.HAL_UART_Abort), (104 bytes).
    Removing stm32f4xx_hal_uart.o(i.HAL_UART_AbortCpltCallback), (2 bytes).
    Removing stm32f4xx_hal_uart.o(i.HAL_UART_AbortReceive), (68 bytes).
    Removing stm32f4xx_hal_uart.o(i.HAL_UART_AbortReceiveCpltCallback), (2 bytes).
    Removing stm32f4xx_hal_uart.o(i.HAL_UART_AbortReceive_IT), (92 bytes).
    Removing stm32f4xx_hal_uart.o(i.HAL_UART_AbortTransmit), (58 bytes).
    Removing stm32f4xx_hal_uart.o(i.HAL_UART_AbortTransmitCpltCallback), (2 bytes).
    Removing stm32f4xx_hal_uart.o(i.HAL_UART_AbortTransmit_IT), (84 bytes).
    Removing stm32f4xx_hal_uart.o(i.HAL_UART_Abort_IT), (172 bytes).
    Removing stm32f4xx_hal_uart.o(i.HAL_UART_DMAPause), (102 bytes).
    Removing stm32f4xx_hal_uart.o(i.HAL_UART_DMAResume), (94 bytes).
    Removing stm32f4xx_hal_uart.o(i.HAL_UART_DMAStop), (88 bytes).
    Removing stm32f4xx_hal_uart.o(i.HAL_UART_DeInit), (36 bytes).
    Removing stm32f4xx_hal_uart.o(i.HAL_UART_ErrorCallback), (2 bytes).
    Removing stm32f4xx_hal_uart.o(i.HAL_UART_GetError), (4 bytes).
    Removing stm32f4xx_hal_uart.o(i.HAL_UART_GetState), (10 bytes).
    Removing stm32f4xx_hal_uart.o(i.HAL_UART_IRQHandler), (272 bytes).
    Removing stm32f4xx_hal_uart.o(i.HAL_UART_MspDeInit), (2 bytes).
    Removing stm32f4xx_hal_uart.o(i.HAL_UART_MspInit), (2 bytes).
    Removing stm32f4xx_hal_uart.o(i.HAL_UART_Receive_DMA), (152 bytes).
    Removing stm32f4xx_hal_uart.o(i.HAL_UART_Receive_IT), (72 bytes).
    Removing stm32f4xx_hal_uart.o(i.HAL_UART_RxCpltCallback), (2 bytes).
    Removing stm32f4xx_hal_uart.o(i.HAL_UART_RxHalfCpltCallback), (2 bytes).
    Removing stm32f4xx_hal_uart.o(i.HAL_UART_Transmit), (186 bytes).
    Removing stm32f4xx_hal_uart.o(i.HAL_UART_Transmit_DMA), (128 bytes).
    Removing stm32f4xx_hal_uart.o(i.HAL_UART_Transmit_IT), (62 bytes).
    Removing stm32f4xx_hal_uart.o(i.HAL_UART_TxCpltCallback), (2 bytes).
    Removing stm32f4xx_hal_uart.o(i.HAL_UART_TxHalfCpltCallback), (2 bytes).
    Removing stm32f4xx_hal_uart.o(i.UART_DMAAbortOnError), (16 bytes).
    Removing stm32f4xx_hal_uart.o(i.UART_DMAError), (74 bytes).
    Removing stm32f4xx_hal_uart.o(i.UART_DMAReceiveCplt), (60 bytes).
    Removing stm32f4xx_hal_uart.o(i.UART_DMARxAbortCallback), (42 bytes).
    Removing stm32f4xx_hal_uart.o(i.UART_DMARxHalfCplt), (10 bytes).
    Removing stm32f4xx_hal_uart.o(i.UART_DMARxOnlyAbortCallback), (20 bytes).
    Removing stm32f4xx_hal_uart.o(i.UART_DMATransmitCplt), (46 bytes).
    Removing stm32f4xx_hal_uart.o(i.UART_DMATxAbortCallback), (42 bytes).
    Removing stm32f4xx_hal_uart.o(i.UART_DMATxHalfCplt), (10 bytes).
    Removing stm32f4xx_hal_uart.o(i.UART_DMATxOnlyAbortCallback), (20 bytes).
    Removing stm32f4xx_hal_uart.o(i.UART_EndRxTransfer), (28 bytes).
    Removing stm32f4xx_hal_uart.o(i.UART_EndTxTransfer), (18 bytes).
    Removing stm32f4xx_hal_uart.o(i.UART_Receive_IT), (140 bytes).
    Removing stm32f4xx_hal_uart.o(i.UART_Transmit_IT), (98 bytes).
    Removing stm32f4xx_hal_gpio.o(.rev16_text), (4 bytes).
    Removing stm32f4xx_hal_gpio.o(.revsh_text), (4 bytes).
    Removing stm32f4xx_hal_gpio.o(.rrx_text), (6 bytes).
    Removing stm32f4xx_hal_gpio.o(i.HAL_GPIO_DeInit), (324 bytes).
    Removing stm32f4xx_hal_gpio.o(i.HAL_GPIO_EXTI_Callback), (2 bytes).
    Removing stm32f4xx_hal_gpio.o(i.HAL_GPIO_EXTI_IRQHandler), (24 bytes).
    Removing stm32f4xx_hal_gpio.o(i.HAL_GPIO_LockPin), (34 bytes).
    Removing stm32f4xx_hal_gpio.o(i.HAL_GPIO_TogglePin), (8 bytes).
    Removing stm32f4xx_hal_tim.o(.rev16_text), (4 bytes).
    Removing stm32f4xx_hal_tim.o(.revsh_text), (4 bytes).
    Removing stm32f4xx_hal_tim.o(.rrx_text), (6 bytes).
    Removing stm32f4xx_hal_flash.o(.rev16_text), (4 bytes).
    Removing stm32f4xx_hal_flash.o(.revsh_text), (4 bytes).
    Removing stm32f4xx_hal_flash.o(.rrx_text), (6 bytes).
    Removing stm32f4xx_hal_flash.o(i.HAL_FLASH_EndOfOperationCallback), (2 bytes).
    Removing stm32f4xx_hal_flash.o(i.HAL_FLASH_GetError), (12 bytes).
    Removing stm32f4xx_hal_flash.o(i.HAL_FLASH_IRQHandler), (204 bytes).
    Removing stm32f4xx_hal_flash.o(i.HAL_FLASH_OB_Launch), (24 bytes).
    Removing stm32f4xx_hal_flash.o(i.HAL_FLASH_OB_Lock), (20 bytes).
    Removing stm32f4xx_hal_flash.o(i.HAL_FLASH_OB_Unlock), (40 bytes).
    Removing stm32f4xx_hal_flash.o(i.HAL_FLASH_OperationErrorCallback), (2 bytes).
    Removing stm32f4xx_hal_flash.o(i.HAL_FLASH_Program_IT), (108 bytes).
    Removing stm32f4xx_hal_flash_ex.o(.rev16_text), (4 bytes).
    Removing stm32f4xx_hal_flash_ex.o(.revsh_text), (4 bytes).
    Removing stm32f4xx_hal_flash_ex.o(.rrx_text), (6 bytes).
    Removing stm32f4xx_hal_flash_ex.o(i.FLASH_FlushCaches), (84 bytes).
    Removing stm32f4xx_hal_flash_ex.o(i.FLASH_MassErase), (40 bytes).
    Removing stm32f4xx_hal_flash_ex.o(i.HAL_FLASHEx_Erase), (152 bytes).
    Removing stm32f4xx_hal_flash_ex.o(i.HAL_FLASHEx_Erase_IT), (104 bytes).
    Removing stm32f4xx_hal_flash_ex.o(i.HAL_FLASHEx_OBGetConfig), (64 bytes).
    Removing stm32f4xx_hal_flash_ex.o(i.HAL_FLASHEx_OBProgram), (204 bytes).
    Removing stm32f4xx_hal_spi.o(.rev16_text), (4 bytes).
    Removing stm32f4xx_hal_spi.o(.revsh_text), (4 bytes).
    Removing stm32f4xx_hal_spi.o(.rrx_text), (6 bytes).
    Removing stm32f4xx_hal_spi.o(i.HAL_SPI_Abort), (192 bytes).
    Removing stm32f4xx_hal_spi.o(i.HAL_SPI_AbortCpltCallback), (2 bytes).
    Removing stm32f4xx_hal_spi.o(i.HAL_SPI_Abort_IT), (232 bytes).
    Removing stm32f4xx_hal_spi.o(i.HAL_SPI_DMAPause), (38 bytes).
    Removing stm32f4xx_hal_spi.o(i.HAL_SPI_DMAResume), (38 bytes).
    Removing stm32f4xx_hal_spi.o(i.HAL_SPI_DMAStop), (40 bytes).
    Removing stm32f4xx_hal_spi.o(i.HAL_SPI_DeInit), (44 bytes).
    Removing stm32f4xx_hal_spi.o(i.HAL_SPI_ErrorCallback), (2 bytes).
    Removing stm32f4xx_hal_spi.o(i.HAL_SPI_GetError), (4 bytes).
    Removing stm32f4xx_hal_spi.o(i.HAL_SPI_GetState), (6 bytes).
    Removing stm32f4xx_hal_spi.o(i.HAL_SPI_IRQHandler), (212 bytes).
    Removing stm32f4xx_hal_spi.o(i.HAL_SPI_MspDeInit), (2 bytes).
    Removing stm32f4xx_hal_spi.o(i.HAL_SPI_MspInit), (2 bytes).
    Removing stm32f4xx_hal_spi.o(i.HAL_SPI_Receive), (336 bytes).
    Removing stm32f4xx_hal_spi.o(i.HAL_SPI_Receive_DMA), (212 bytes).
    Removing stm32f4xx_hal_spi.o(i.HAL_SPI_Receive_IT), (164 bytes).
    Removing stm32f4xx_hal_spi.o(i.HAL_SPI_RxCpltCallback), (2 bytes).
    Removing stm32f4xx_hal_spi.o(i.HAL_SPI_RxHalfCpltCallback), (2 bytes).
    Removing stm32f4xx_hal_spi.o(i.HAL_SPI_TransmitReceive), (470 bytes).
    Removing stm32f4xx_hal_spi.o(i.HAL_SPI_TransmitReceive_DMA), (264 bytes).
    Removing stm32f4xx_hal_spi.o(i.HAL_SPI_TransmitReceive_IT), (164 bytes).
    Removing stm32f4xx_hal_spi.o(i.HAL_SPI_Transmit_DMA), (184 bytes).
    Removing stm32f4xx_hal_spi.o(i.HAL_SPI_Transmit_IT), (152 bytes).
    Removing stm32f4xx_hal_spi.o(i.HAL_SPI_TxCpltCallback), (2 bytes).
    Removing stm32f4xx_hal_spi.o(i.HAL_SPI_TxHalfCpltCallback), (2 bytes).
    Removing stm32f4xx_hal_spi.o(i.HAL_SPI_TxRxCpltCallback), (2 bytes).
    Removing stm32f4xx_hal_spi.o(i.HAL_SPI_TxRxHalfCpltCallback), (2 bytes).
    Removing stm32f4xx_hal_spi.o(i.SPI_2linesRxISR_16BIT), (48 bytes).
    Removing stm32f4xx_hal_spi.o(i.SPI_2linesRxISR_8BIT), (46 bytes).
    Removing stm32f4xx_hal_spi.o(i.SPI_2linesTxISR_16BIT), (48 bytes).
    Removing stm32f4xx_hal_spi.o(i.SPI_2linesTxISR_8BIT), (46 bytes).
    Removing stm32f4xx_hal_spi.o(i.SPI_AbortRx_ISR), (84 bytes).
    Removing stm32f4xx_hal_spi.o(i.SPI_AbortTx_ISR), (22 bytes).
    Removing stm32f4xx_hal_spi.o(i.SPI_CloseRxTx_ISR), (148 bytes).
    Removing stm32f4xx_hal_spi.o(i.SPI_CloseRx_ISR), (78 bytes).
    Removing stm32f4xx_hal_spi.o(i.SPI_CloseTx_ISR), (128 bytes).
    Removing stm32f4xx_hal_spi.o(i.SPI_DMAAbortOnError), (16 bytes).
    Removing stm32f4xx_hal_spi.o(i.SPI_DMAError), (34 bytes).
    Removing stm32f4xx_hal_spi.o(i.SPI_DMAHalfReceiveCplt), (10 bytes).
    Removing stm32f4xx_hal_spi.o(i.SPI_DMAHalfTransmitCplt), (10 bytes).
    Removing stm32f4xx_hal_spi.o(i.SPI_DMAHalfTransmitReceiveCplt), (10 bytes).
    Removing stm32f4xx_hal_spi.o(i.SPI_DMAReceiveCplt), (82 bytes).
    Removing stm32f4xx_hal_spi.o(i.SPI_DMARxAbortCallback), (70 bytes).
    Removing stm32f4xx_hal_spi.o(i.SPI_DMATransmitCplt), (90 bytes).
    Removing stm32f4xx_hal_spi.o(i.SPI_DMATransmitReceiveCplt), (80 bytes).
    Removing stm32f4xx_hal_spi.o(i.SPI_DMATxAbortCallback), (104 bytes).
    Removing stm32f4xx_hal_spi.o(i.SPI_RxISR_16BIT), (32 bytes).
    Removing stm32f4xx_hal_spi.o(i.SPI_RxISR_8BIT), (30 bytes).
    Removing stm32f4xx_hal_spi.o(i.SPI_TxISR_16BIT), (32 bytes).
    Removing stm32f4xx_hal_spi.o(i.SPI_TxISR_8BIT), (30 bytes).
    Removing stm32f4xx_hal.o(.rev16_text), (4 bytes).
    Removing stm32f4xx_hal.o(.revsh_text), (4 bytes).
    Removing stm32f4xx_hal.o(.rrx_text), (6 bytes).
    Removing stm32f4xx_hal.o(i.HAL_DBGMCU_DisableDBGSleepMode), (16 bytes).
    Removing stm32f4xx_hal.o(i.HAL_DBGMCU_DisableDBGStandbyMode), (16 bytes).
    Removing stm32f4xx_hal.o(i.HAL_DBGMCU_DisableDBGStopMode), (16 bytes).
    Removing stm32f4xx_hal.o(i.HAL_DBGMCU_EnableDBGSleepMode), (16 bytes).
    Removing stm32f4xx_hal.o(i.HAL_DBGMCU_EnableDBGStandbyMode), (16 bytes).
    Removing stm32f4xx_hal.o(i.HAL_DBGMCU_EnableDBGStopMode), (16 bytes).
    Removing stm32f4xx_hal.o(i.HAL_DeInit), (52 bytes).
    Removing stm32f4xx_hal.o(i.HAL_Delay), (28 bytes).
    Removing stm32f4xx_hal.o(i.HAL_DisableCompensationCell), (24 bytes).
    Removing stm32f4xx_hal.o(i.HAL_EnableCompensationCell), (24 bytes).
    Removing stm32f4xx_hal.o(i.HAL_GetDEVID), (16 bytes).
    Removing stm32f4xx_hal.o(i.HAL_GetHalVersion), (8 bytes).
    Removing stm32f4xx_hal.o(i.HAL_GetREVID), (12 bytes).
    Removing stm32f4xx_hal.o(i.HAL_GetUID), (28 bytes).
    Removing stm32f4xx_hal.o(i.HAL_MspDeInit), (2 bytes).
    Removing stm32f4xx_hal.o(i.HAL_MspInit), (2 bytes).
    Removing stm32f4xx_hal.o(i.HAL_ResumeTick), (14 bytes).
    Removing stm32f4xx_hal.o(i.HAL_SuspendTick), (14 bytes).
    Removing stm32f4xx_hal_rcc.o(.rev16_text), (4 bytes).
    Removing stm32f4xx_hal_rcc.o(.revsh_text), (4 bytes).
    Removing stm32f4xx_hal_rcc.o(.rrx_text), (6 bytes).
    Removing stm32f4xx_hal_rcc.o(i.HAL_RCC_CSSCallback), (2 bytes).
    Removing stm32f4xx_hal_rcc.o(i.HAL_RCC_DeInit), (2 bytes).
    Removing stm32f4xx_hal_rcc.o(i.HAL_RCC_DisableCSS), (12 bytes).
    Removing stm32f4xx_hal_rcc.o(i.HAL_RCC_EnableCSS), (12 bytes).
    Removing stm32f4xx_hal_rcc.o(i.HAL_RCC_GetClockConfig), (64 bytes).
    Removing stm32f4xx_hal_rcc.o(i.HAL_RCC_GetOscConfig), (232 bytes).
    Removing stm32f4xx_hal_rcc.o(i.HAL_RCC_MCOConfig), (140 bytes).
    Removing stm32f4xx_hal_rcc.o(i.HAL_RCC_NMI_IRQHandler), (28 bytes).
    Removing stm32f4xx_hal_dma_ex.o(.rev16_text), (4 bytes).
    Removing stm32f4xx_hal_dma_ex.o(.revsh_text), (4 bytes).
    Removing stm32f4xx_hal_dma_ex.o(.rrx_text), (6 bytes).
    Removing stm32f4xx_hal_dma_ex.o(i.DMA_MultiBufferSetConfig), (30 bytes).
    Removing stm32f4xx_hal_dma_ex.o(i.HAL_DMAEx_ChangeMemory), (14 bytes).
    Removing stm32f4xx_hal_dma_ex.o(i.HAL_DMAEx_MultiBufferStart), (100 bytes).
    Removing stm32f4xx_hal_dma_ex.o(i.HAL_DMAEx_MultiBufferStart_IT), (2452 bytes).
    Removing stm32f4xx_hal_tim_ex.o(.rev16_text), (4 bytes).
    Removing stm32f4xx_hal_tim_ex.o(.revsh_text), (4 bytes).
    Removing stm32f4xx_hal_tim_ex.o(.rrx_text), (6 bytes).
    Removing stm32f4xx_hal_dma.o(.rev16_text), (4 bytes).
    Removing stm32f4xx_hal_dma.o(.revsh_text), (4 bytes).
    Removing stm32f4xx_hal_dma.o(.rrx_text), (6 bytes).
    Removing stm32f4xx_hal_dma.o(i.DMA_CalcBaseAndBitshift), (40 bytes).
    Removing stm32f4xx_hal_dma.o(i.DMA_CheckFifoParam), (84 bytes).
    Removing stm32f4xx_hal_dma.o(i.DMA_SetConfig), (40 bytes).
    Removing stm32f4xx_hal_dma.o(i.HAL_DMA_Abort), (142 bytes).
    Removing stm32f4xx_hal_dma.o(i.HAL_DMA_Abort_IT), (36 bytes).
    Removing stm32f4xx_hal_dma.o(i.HAL_DMA_DeInit), (84 bytes).
    Removing stm32f4xx_hal_dma.o(i.HAL_DMA_GetError), (4 bytes).
    Removing stm32f4xx_hal_dma.o(i.HAL_DMA_GetState), (6 bytes).
    Removing stm32f4xx_hal_dma.o(i.HAL_DMA_IRQHandler), (432 bytes).
    Removing stm32f4xx_hal_dma.o(i.HAL_DMA_Init), (212 bytes).
    Removing stm32f4xx_hal_dma.o(i.HAL_DMA_PollForTransfer), (300 bytes).
    Removing stm32f4xx_hal_dma.o(i.HAL_DMA_RegisterCallback), (80 bytes).
    Removing stm32f4xx_hal_dma.o(i.HAL_DMA_Start), (70 bytes).
    Removing stm32f4xx_hal_dma.o(i.HAL_DMA_Start_IT), (120 bytes).
    Removing stm32f4xx_hal_dma.o(i.HAL_DMA_UnRegisterCallback), (96 bytes).
    Removing stm32f4xx_hal_dma.o(.constdata), (8 bytes).
    Removing stm32f4xx_hal_pwr.o(.rev16_text), (4 bytes).
    Removing stm32f4xx_hal_pwr.o(.revsh_text), (4 bytes).
    Removing stm32f4xx_hal_pwr.o(.rrx_text), (6 bytes).
    Removing stm32f4xx_hal_pwr.o(i.HAL_PWR_ConfigPVD), (124 bytes).
    Removing stm32f4xx_hal_pwr.o(i.HAL_PWR_DeInit), (24 bytes).
    Removing stm32f4xx_hal_pwr.o(i.HAL_PWR_DisableBkUpAccess), (28 bytes).
    Removing stm32f4xx_hal_pwr.o(i.HAL_PWR_DisablePVD), (24 bytes).
    Removing stm32f4xx_hal_pwr.o(i.HAL_PWR_DisableSEVOnPend), (16 bytes).
    Removing stm32f4xx_hal_pwr.o(i.HAL_PWR_DisableSleepOnExit), (16 bytes).
    Removing stm32f4xx_hal_pwr.o(i.HAL_PWR_DisableWakeUpPin), (16 bytes).
    Removing stm32f4xx_hal_pwr.o(i.HAL_PWR_EnableBkUpAccess), (24 bytes).
    Removing stm32f4xx_hal_pwr.o(i.HAL_PWR_EnablePVD), (24 bytes).
    Removing stm32f4xx_hal_pwr.o(i.HAL_PWR_EnableSEVOnPend), (16 bytes).
    Removing stm32f4xx_hal_pwr.o(i.HAL_PWR_EnableSleepOnExit), (16 bytes).
    Removing stm32f4xx_hal_pwr.o(i.HAL_PWR_EnableWakeUpPin), (16 bytes).
    Removing stm32f4xx_hal_pwr.o(i.HAL_PWR_EnterSLEEPMode), (32 bytes).
    Removing stm32f4xx_hal_pwr.o(i.HAL_PWR_EnterSTANDBYMode), (32 bytes).
    Removing stm32f4xx_hal_pwr.o(i.HAL_PWR_EnterSTOPMode), (56 bytes).
    Removing stm32f4xx_hal_pwr.o(i.HAL_PWR_PVDCallback), (2 bytes).
    Removing stm32f4xx_hal_pwr.o(i.HAL_PWR_PVD_IRQHandler), (28 bytes).
    Removing stm32f4xx_hal_msp.o(.rev16_text), (4 bytes).
    Removing stm32f4xx_hal_msp.o(.revsh_text), (4 bytes).
    Removing stm32f4xx_hal_msp.o(.rrx_text), (6 bytes).
    Removing stm32f4xx_hal_msp.o(i.HAL_SPI_MspDeInit), (60 bytes).
    Removing stm32f4xx_hal_msp.o(i.HAL_UART_MspDeInit), (60 bytes).
    Removing stm32f4xx_it.o(.rev16_text), (4 bytes).
    Removing stm32f4xx_it.o(.revsh_text), (4 bytes).
    Removing stm32f4xx_it.o(.rrx_text), (6 bytes).
    Removing main.o(.rev16_text), (4 bytes).
    Removing main.o(.revsh_text), (4 bytes).
    Removing main.o(.rrx_text), (6 bytes).
    Removing main.o(i._Error_Handler), (2 bytes).
    Removing flash_memory.o(.rev16_text), (4 bytes).
    Removing flash_memory.o(.revsh_text), (4 bytes).
    Removing flash_memory.o(.rrx_text), (6 bytes).
    Removing flash_memory.o(i.flash_read), (4 bytes).
    Removing lcd.o(.rev16_text), (4 bytes).
    Removing lcd.o(.revsh_text), (4 bytes).
    Removing lcd.o(.rrx_text), (6 bytes).
    Removing gps.o(.rev16_text), (4 bytes).
    Removing gps.o(.revsh_text), (4 bytes).
    Removing gps.o(.rrx_text), (6 bytes).
    Removing tm_stm32f4_pcd8544.o(.rev16_text), (4 bytes).
    Removing tm_stm32f4_pcd8544.o(.revsh_text), (4 bytes).
    Removing tm_stm32f4_pcd8544.o(.rrx_text), (6 bytes).
    Removing tm_stm32f4_pcd8544.o(i.PCD8544_Delay), (16 bytes).
    Removing tm_stm32f4_pcd8544.o(i.PCD8544_DrawCircle), (268 bytes).
    Removing tm_stm32f4_pcd8544.o(i.PCD8544_DrawFilledCircle), (256 bytes).
    Removing tm_stm32f4_pcd8544.o(i.PCD8544_DrawFilledRectangle), (42 bytes).
    Removing tm_stm32f4_pcd8544.o(i.PCD8544_DrawLine), (220 bytes).
    Removing tm_stm32f4_pcd8544.o(i.PCD8544_DrawRectangle), (68 bytes).
    Removing tm_stm32f4_pcd8544.o(i.PCD8544_Init), (94 bytes).
    Removing tm_stm32f4_pcd8544.o(i.PCD8544_Invert), (16 bytes).
    Removing tm_stm32f4_pcd8544.o(i.PCD8544_SetContrast), (40 bytes).

291 unused section(s) (total 17672 bytes) removed from the image.

==============================================================================

Image Symbol Table

    Local Symbols

    Symbol Name                              Value     Ov Type        Size  Object(Section)

    ../Drivers/STM32F4xx_HAL_Driver/Src/stm32f4xx_hal.c 0x00000000   Number         0  stm32f4xx_hal.o ABSOLUTE
    ../Drivers/STM32F4xx_HAL_Driver/Src/stm32f4xx_hal_cortex.c 0x00000000   Number         0  stm32f4xx_hal_cortex.o ABSOLUTE
    ../Drivers/STM32F4xx_HAL_Driver/Src/stm32f4xx_hal_dma.c 0x00000000   Number         0  stm32f4xx_hal_dma.o ABSOLUTE
    ../Drivers/STM32F4xx_HAL_Driver/Src/stm32f4xx_hal_dma_ex.c 0x00000000   Number         0  stm32f4xx_hal_dma_ex.o ABSOLUTE
    ../Drivers/STM32F4xx_HAL_Driver/Src/stm32f4xx_hal_flash.c 0x00000000   Number         0  stm32f4xx_hal_flash.o ABSOLUTE
    ../Drivers/STM32F4xx_HAL_Driver/Src/stm32f4xx_hal_flash_ex.c 0x00000000   Number         0  stm32f4xx_hal_flash_ex.o ABSOLUTE
    ../Drivers/STM32F4xx_HAL_Driver/Src/stm32f4xx_hal_flash_ramfunc.c 0x00000000   Number         0  stm32f4xx_hal_flash_ramfunc.o ABSOLUTE
    ../Drivers/STM32F4xx_HAL_Driver/Src/stm32f4xx_hal_gpio.c 0x00000000   Number         0  stm32f4xx_hal_gpio.o ABSOLUTE
    ../Drivers/STM32F4xx_HAL_Driver/Src/stm32f4xx_hal_pwr.c 0x00000000   Number         0  stm32f4xx_hal_pwr.o ABSOLUTE
    ../Drivers/STM32F4xx_HAL_Driver/Src/stm32f4xx_hal_pwr_ex.c 0x00000000   Number         0  stm32f4xx_hal_pwr_ex.o ABSOLUTE
    ../Drivers/STM32F4xx_HAL_Driver/Src/stm32f4xx_hal_rcc.c 0x00000000   Number         0  stm32f4xx_hal_rcc.o ABSOLUTE
    ../Drivers/STM32F4xx_HAL_Driver/Src/stm32f4xx_hal_rcc_ex.c 0x00000000   Number         0  stm32f4xx_hal_rcc_ex.o ABSOLUTE
    ../Drivers/STM32F4xx_HAL_Driver/Src/stm32f4xx_hal_spi.c 0x00000000   Number         0  stm32f4xx_hal_spi.o ABSOLUTE
    ../Drivers/STM32F4xx_HAL_Driver/Src/stm32f4xx_hal_tim.c 0x00000000   Number         0  stm32f4xx_hal_tim.o ABSOLUTE
    ../Drivers/STM32F4xx_HAL_Driver/Src/stm32f4xx_hal_tim_ex.c 0x00000000   Number         0  stm32f4xx_hal_tim_ex.o ABSOLUTE
    ../Drivers/STM32F4xx_HAL_Driver/Src/stm32f4xx_hal_uart.c 0x00000000   Number         0  stm32f4xx_hal_uart.o ABSOLUTE
    ../Src/main.c                            0x00000000   Number         0  main.o ABSOLUTE
    ../Src/stm32f4xx_hal_msp.c               0x00000000   Number         0  stm32f4xx_hal_msp.o ABSOLUTE
    ../Src/stm32f4xx_it.c                    0x00000000   Number         0  stm32f4xx_it.o ABSOLUTE
    ../Src/system_stm32f4xx.c                0x00000000   Number         0  system_stm32f4xx.o ABSOLUTE
    ../clib/microlib/ctype/ctype.c           0x00000000   Number         0  isspace_c.o ABSOLUTE
    ../clib/microlib/ctype/ctype.c           0x00000000   Number         0  ctype_c.o ABSOLUTE
    ../clib/microlib/errno.c                 0x00000000   Number         0  errno.o ABSOLUTE
    ../clib/microlib/init/entry.s            0x00000000   Number         0  entry.o ABSOLUTE
    ../clib/microlib/init/entry.s            0x00000000   Number         0  entry10b.o ABSOLUTE
    ../clib/microlib/init/entry.s            0x00000000   Number         0  entry10a.o ABSOLUTE
    ../clib/microlib/init/entry.s            0x00000000   Number         0  entry9b.o ABSOLUTE
    ../clib/microlib/init/entry.s            0x00000000   Number         0  entry9a.o ABSOLUTE
    ../clib/microlib/init/entry.s            0x00000000   Number         0  entry8b.o ABSOLUTE
    ../clib/microlib/init/entry.s            0x00000000   Number         0  entry8a.o ABSOLUTE
    ../clib/microlib/init/entry.s            0x00000000   Number         0  entry7a.o ABSOLUTE
    ../clib/microlib/init/entry.s            0x00000000   Number         0  entry5.o ABSOLUTE
    ../clib/microlib/init/entry.s            0x00000000   Number         0  entry2.o ABSOLUTE
    ../clib/microlib/init/entry.s            0x00000000   Number         0  entry7b.o ABSOLUTE
    ../clib/microlib/init/entry.s            0x00000000   Number         0  entry11b.o ABSOLUTE
    ../clib/microlib/init/entry.s            0x00000000   Number         0  entry11a.o ABSOLUTE
    ../clib/microlib/longlong.c              0x00000000   Number         0  llushr.o ABSOLUTE
    ../clib/microlib/longlong.c              0x00000000   Number         0  llshl.o ABSOLUTE
    ../clib/microlib/string/strcpy.c         0x00000000   Number         0  strcpy.o ABSOLUTE
    ../clib/microlib/stubs.s                 0x00000000   Number         0  iusefp.o ABSOLUTE
    ../clib/scanf.c                          0x00000000   Number         0  strtod.o ABSOLUTE
    ../clib/scanf.c                          0x00000000   Number         0  _sgetc.o ABSOLUTE
    ../clib/scanf.c                          0x00000000   Number         0  scanf_fp.o ABSOLUTE
    ../fplib/microlib/d2f.c                  0x00000000   Number         0  d2f.o ABSOLUTE
    ../fplib/microlib/fpdiv.c                0x00000000   Number         0  ddiv.o ABSOLUTE
    ../fplib/microlib/fpepilogue.c           0x00000000   Number         0  depilogue.o ABSOLUTE
    ../fplib/microlib/fpepilogue.c           0x00000000   Number         0  fepilogue.o ABSOLUTE
    ../fplib/microlib/fpflt.c                0x00000000   Number         0  dfltul.o ABSOLUTE
    ../fplib/microlib/fpmul.c                0x00000000   Number         0  dmul.o ABSOLUTE
    ../mathlib/atof.c                        0x00000000   Number         0  atof.o ABSOLUTE
    ..\Drivers\STM32F4xx_HAL_Driver\Src\stm32f4xx_hal.c 0x00000000   Number         0  stm32f4xx_hal.o ABSOLUTE
    ..\Drivers\STM32F4xx_HAL_Driver\Src\stm32f4xx_hal_cortex.c 0x00000000   Number         0  stm32f4xx_hal_cortex.o ABSOLUTE
    ..\Drivers\STM32F4xx_HAL_Driver\Src\stm32f4xx_hal_dma.c 0x00000000   Number         0  stm32f4xx_hal_dma.o ABSOLUTE
    ..\Drivers\STM32F4xx_HAL_Driver\Src\stm32f4xx_hal_dma_ex.c 0x00000000   Number         0  stm32f4xx_hal_dma_ex.o ABSOLUTE
    ..\Drivers\STM32F4xx_HAL_Driver\Src\stm32f4xx_hal_flash.c 0x00000000   Number         0  stm32f4xx_hal_flash.o ABSOLUTE
    ..\Drivers\STM32F4xx_HAL_Driver\Src\stm32f4xx_hal_flash_ex.c 0x00000000   Number         0  stm32f4xx_hal_flash_ex.o ABSOLUTE
    ..\Drivers\STM32F4xx_HAL_Driver\Src\stm32f4xx_hal_flash_ramfunc.c 0x00000000   Number         0  stm32f4xx_hal_flash_ramfunc.o ABSOLUTE
    ..\Drivers\STM32F4xx_HAL_Driver\Src\stm32f4xx_hal_gpio.c 0x00000000   Number         0  stm32f4xx_hal_gpio.o ABSOLUTE
    ..\Drivers\STM32F4xx_HAL_Driver\Src\stm32f4xx_hal_pwr.c 0x00000000   Number         0  stm32f4xx_hal_pwr.o ABSOLUTE
    ..\Drivers\STM32F4xx_HAL_Driver\Src\stm32f4xx_hal_pwr_ex.c 0x00000000   Number         0  stm32f4xx_hal_pwr_ex.o ABSOLUTE
    ..\Drivers\STM32F4xx_HAL_Driver\Src\stm32f4xx_hal_rcc.c 0x00000000   Number         0  stm32f4xx_hal_rcc.o ABSOLUTE
    ..\Drivers\STM32F4xx_HAL_Driver\Src\stm32f4xx_hal_rcc_ex.c 0x00000000   Number         0  stm32f4xx_hal_rcc_ex.o ABSOLUTE
    ..\Drivers\STM32F4xx_HAL_Driver\Src\stm32f4xx_hal_spi.c 0x00000000   Number         0  stm32f4xx_hal_spi.o ABSOLUTE
    ..\Drivers\STM32F4xx_HAL_Driver\Src\stm32f4xx_hal_tim.c 0x00000000   Number         0  stm32f4xx_hal_tim.o ABSOLUTE
    ..\Drivers\STM32F4xx_HAL_Driver\Src\stm32f4xx_hal_tim_ex.c 0x00000000   Number         0  stm32f4xx_hal_tim_ex.o ABSOLUTE
    ..\Drivers\STM32F4xx_HAL_Driver\Src\stm32f4xx_hal_uart.c 0x00000000   Number         0  stm32f4xx_hal_uart.o ABSOLUTE
    ..\Drivers\tm_stm32f4_pcd8544.c          0x00000000   Number         0  tm_stm32f4_pcd8544.o ABSOLUTE
    ..\Src\GPS.c                             0x00000000   Number         0  gps.o ABSOLUTE
    ..\Src\LCD.c                             0x00000000   Number         0  lcd.o ABSOLUTE
    ..\Src\flash_memory.c                    0x00000000   Number         0  flash_memory.o ABSOLUTE
    ..\Src\main.c                            0x00000000   Number         0  main.o ABSOLUTE
    ..\Src\stm32f4xx_hal_msp.c               0x00000000   Number         0  stm32f4xx_hal_msp.o ABSOLUTE
    ..\Src\stm32f4xx_it.c                    0x00000000   Number         0  stm32f4xx_it.o ABSOLUTE
    ..\Src\system_stm32f4xx.c                0x00000000   Number         0  system_stm32f4xx.o ABSOLUTE
    ..\\Drivers\\tm_stm32f4_pcd8544.c        0x00000000   Number         0  tm_stm32f4_pcd8544.o ABSOLUTE
    ..\\Src\\GPS.c                           0x00000000   Number         0  gps.o ABSOLUTE
    ..\\Src\\LCD.c                           0x00000000   Number         0  lcd.o ABSOLUTE
    ..\\Src\\flash_memory.c                  0x00000000   Number         0  flash_memory.o ABSOLUTE
    dc.s                                     0x00000000   Number         0  dc.o ABSOLUTE
    handlers.s                               0x00000000   Number         0  handlers.o ABSOLUTE
    init.s                                   0x00000000   Number         0  init.o ABSOLUTE
    startup_stm32f407xx.s                    0x00000000   Number         0  startup_stm32f407xx.o ABSOLUTE
    RESET                                    0x08000000   Section      392  startup_stm32f407xx.o(RESET)
    .ARM.Collect$$$$00000000                 0x08000188   Section        0  entry.o(.ARM.Collect$$$$00000000)
    .ARM.Collect$$$$00000001                 0x08000188   Section        4  entry2.o(.ARM.Collect$$$$00000001)
    .ARM.Collect$$$$00000004                 0x0800018c   Section        4  entry5.o(.ARM.Collect$$$$00000004)
    .ARM.Collect$$$$00000008                 0x08000190   Section        0  entry7b.o(.ARM.Collect$$$$00000008)
    .ARM.Collect$$$$0000000A                 0x08000190   Section        0  entry8b.o(.ARM.Collect$$$$0000000A)
    .ARM.Collect$$$$0000000B                 0x08000190   Section        8  entry9a.o(.ARM.Collect$$$$0000000B)
    .ARM.Collect$$$$0000000D                 0x08000198   Section        0  entry10a.o(.ARM.Collect$$$$0000000D)
    .ARM.Collect$$$$0000000F                 0x08000198   Section        0  entry11a.o(.ARM.Collect$$$$0000000F)
    .ARM.Collect$$$$00002712                 0x08000198   Section        4  entry2.o(.ARM.Collect$$$$00002712)
    __lit__00000000                          0x08000198   Data           4  entry2.o(.ARM.Collect$$$$00002712)
    .text                                    0x0800019c   Section       36  startup_stm32f407xx.o(.text)
    $v0                                      0x0800019c   Number         0  startup_stm32f407xx.o(.text)
    .text                                    0x080001c0   Section        0  strcpy.o(.text)
    .text                                    0x080001d4   Section        0  strtod.o(.text)
    _local_sscanf                            0x080001d5   Thumb Code    54  strtod.o(.text)
    .text                                    0x08000270   Section        0  iusefp.o(.text)
    .text                                    0x08000270   Section       36  init.o(.text)
    .text                                    0x08000294   Section        0  isspace_c.o(.text)
    .text                                    0x080002a0   Section        0  scanf_fp.o(.text)
    _fp_value                                0x080002a1   Thumb Code   256  scanf_fp.o(.text)
    .text                                    0x080005dc   Section        0  _sgetc.o(.text)
    .text                                    0x0800061c   Section        0  ctype_c.o(.text)
    .text                                    0x08000644   Section        0  dmul.o(.text)
    .text                                    0x08000728   Section        0  ddiv.o(.text)
    .text                                    0x08000806   Section        0  dfltul.o(.text)
    .text                                    0x0800081e   Section        0  d2f.o(.text)
    .text                                    0x08000856   Section        0  fepilogue.o(.text)
    .text                                    0x080008c2   Section        0  depilogue.o(.text)
    .text                                    0x08000980   Section        0  llshl.o(.text)
    .text                                    0x0800099e   Section        0  llushr.o(.text)
    i.BusFault_Handler                       0x080009be   Section        0  stm32f4xx_it.o(i.BusFault_Handler)
    i.DebugMon_Handler                       0x080009c0   Section        0  stm32f4xx_it.o(i.DebugMon_Handler)
    i.FLASH_Erase_Sector                     0x080009c4   Section        0  stm32f4xx_hal_flash_ex.o(i.FLASH_Erase_Sector)
    i.FLASH_Program_Byte                     0x08000a1c   Section        0  stm32f4xx_hal_flash.o(i.FLASH_Program_Byte)
    FLASH_Program_Byte                       0x08000a1d   Thumb Code    26  stm32f4xx_hal_flash.o(i.FLASH_Program_Byte)
    i.FLASH_Program_DoubleWord               0x08000a3c   Section        0  stm32f4xx_hal_flash.o(i.FLASH_Program_DoubleWord)
    FLASH_Program_DoubleWord                 0x08000a3d   Thumb Code    34  stm32f4xx_hal_flash.o(i.FLASH_Program_DoubleWord)
    i.FLASH_Program_HalfWord                 0x08000a64   Section        0  stm32f4xx_hal_flash.o(i.FLASH_Program_HalfWord)
    FLASH_Program_HalfWord                   0x08000a65   Thumb Code    30  stm32f4xx_hal_flash.o(i.FLASH_Program_HalfWord)
    i.FLASH_Program_Word                     0x08000a88   Section        0  stm32f4xx_hal_flash.o(i.FLASH_Program_Word)
    FLASH_Program_Word                       0x08000a89   Thumb Code    30  stm32f4xx_hal_flash.o(i.FLASH_Program_Word)
    i.FLASH_SetErrorCode                     0x08000aac   Section        0  stm32f4xx_hal_flash.o(i.FLASH_SetErrorCode)
    FLASH_SetErrorCode                       0x08000aad   Thumb Code    96  stm32f4xx_hal_flash.o(i.FLASH_SetErrorCode)
    i.FLASH_WaitForLastOperation             0x08000b14   Section        0  stm32f4xx_hal_flash.o(i.FLASH_WaitForLastOperation)
    i.First_Button                           0x08000b64   Section        0  lcd.o(i.First_Button)
    i.HAL_FLASH_Lock                         0x08000c24   Section        0  stm32f4xx_hal_flash.o(i.HAL_FLASH_Lock)
    i.HAL_FLASH_Program                      0x08000c38   Section        0  stm32f4xx_hal_flash.o(i.HAL_FLASH_Program)
    i.HAL_FLASH_Unlock                       0x08000cb4   Section        0  stm32f4xx_hal_flash.o(i.HAL_FLASH_Unlock)
    i.HAL_GPIO_Init                          0x08000cdc   Section        0  stm32f4xx_hal_gpio.o(i.HAL_GPIO_Init)
    i.HAL_GPIO_ReadPin                       0x08000e90   Section        0  stm32f4xx_hal_gpio.o(i.HAL_GPIO_ReadPin)
    i.HAL_GPIO_WritePin                      0x08000e9a   Section        0  stm32f4xx_hal_gpio.o(i.HAL_GPIO_WritePin)
    i.HAL_GetTick                            0x08000ea4   Section        0  stm32f4xx_hal.o(i.HAL_GetTick)
    i.HAL_IncTick                            0x08000eb0   Section        0  stm32f4xx_hal.o(i.HAL_IncTick)
    i.HAL_Init                               0x08000ec0   Section        0  stm32f4xx_hal.o(i.HAL_Init)
    i.HAL_InitTick                           0x08000ef4   Section        0  stm32f4xx_hal.o(i.HAL_InitTick)
    i.HAL_MspInit                            0x08000f1c   Section        0  stm32f4xx_hal_msp.o(i.HAL_MspInit)
    i.HAL_NVIC_SetPriority                   0x08000f74   Section        0  stm32f4xx_hal_cortex.o(i.HAL_NVIC_SetPriority)
    i.HAL_NVIC_SetPriorityGrouping           0x08000fb4   Section        0  stm32f4xx_hal_cortex.o(i.HAL_NVIC_SetPriorityGrouping)
    i.HAL_RCC_ClockConfig                    0x08000fd8   Section        0  stm32f4xx_hal_rcc.o(i.HAL_RCC_ClockConfig)
    i.HAL_RCC_GetHCLKFreq                    0x08001154   Section        0  stm32f4xx_hal_rcc.o(i.HAL_RCC_GetHCLKFreq)
    i.HAL_RCC_GetPCLK1Freq                   0x08001160   Section        0  stm32f4xx_hal_rcc.o(i.HAL_RCC_GetPCLK1Freq)
    i.HAL_RCC_GetPCLK2Freq                   0x08001190   Section        0  stm32f4xx_hal_rcc.o(i.HAL_RCC_GetPCLK2Freq)
    i.HAL_RCC_GetSysClockFreq                0x080011c0   Section        0  stm32f4xx_hal_rcc.o(i.HAL_RCC_GetSysClockFreq)
    i.HAL_RCC_OscConfig                      0x08001230   Section        0  stm32f4xx_hal_rcc.o(i.HAL_RCC_OscConfig)
    i.HAL_SPI_Init                           0x08001544   Section        0  stm32f4xx_hal_spi.o(i.HAL_SPI_Init)
    i.HAL_SPI_MspInit                        0x080015c4   Section        0  stm32f4xx_hal_msp.o(i.HAL_SPI_MspInit)
    i.HAL_SPI_Transmit                       0x08001624   Section        0  stm32f4xx_hal_spi.o(i.HAL_SPI_Transmit)
    i.HAL_SYSTICK_CLKSourceConfig            0x0800178c   Section        0  stm32f4xx_hal_cortex.o(i.HAL_SYSTICK_CLKSourceConfig)
    i.HAL_SYSTICK_Callback                   0x080017a4   Section        0  stm32f4xx_hal_cortex.o(i.HAL_SYSTICK_Callback)
    i.HAL_SYSTICK_Config                     0x080017a6   Section        0  stm32f4xx_hal_cortex.o(i.HAL_SYSTICK_Config)
    i.HAL_SYSTICK_IRQHandler                 0x080017ce   Section        0  stm32f4xx_hal_cortex.o(i.HAL_SYSTICK_IRQHandler)
    i.HAL_UART_Init                          0x080017d6   Section        0  stm32f4xx_hal_uart.o(i.HAL_UART_Init)
    i.HAL_UART_MspInit                       0x08001838   Section        0  stm32f4xx_hal_msp.o(i.HAL_UART_MspInit)
    i.HAL_UART_Receive                       0x08001890   Section        0  stm32f4xx_hal_uart.o(i.HAL_UART_Receive)
    i.HardFault_Handler                      0x08001946   Section        0  stm32f4xx_it.o(i.HardFault_Handler)
    i.Initial_Inscription                    0x08001948   Section        0  lcd.o(i.Initial_Inscription)
    i.MX_GPIO_Init                           0x080019a8   Section        0  main.o(i.MX_GPIO_Init)
    MX_GPIO_Init                             0x080019a9   Thumb Code   212  main.o(i.MX_GPIO_Init)
    i.MX_SPI2_Init                           0x08001a90   Section        0  main.o(i.MX_SPI2_Init)
    MX_SPI2_Init                             0x08001a91   Thumb Code    56  main.o(i.MX_SPI2_Init)
    i.MX_USART3_UART_Init                    0x08001ad0   Section        0  main.o(i.MX_USART3_UART_Init)
    MX_USART3_UART_Init                      0x08001ad1   Thumb Code    42  main.o(i.MX_USART3_UART_Init)
    i.MemManage_Handler                      0x08001b04   Section        0  stm32f4xx_it.o(i.MemManage_Handler)
    i.NMI_Handler                            0x08001b06   Section        0  stm32f4xx_it.o(i.NMI_Handler)
    i.NVIC_SetPriority                       0x08001b08   Section        0  stm32f4xx_hal_cortex.o(i.NVIC_SetPriority)
    NVIC_SetPriority                         0x08001b09   Thumb Code    22  stm32f4xx_hal_cortex.o(i.NVIC_SetPriority)
    i.Output_Line                            0x08001b28   Section        0  gps.o(i.Output_Line)
    i.PCD8544_Clear                          0x08001b54   Section        0  tm_stm32f4_pcd8544.o(i.PCD8544_Clear)
    i.PCD8544_DrawPixel                      0x08001b8c   Section        0  tm_stm32f4_pcd8544.o(i.PCD8544_DrawPixel)
    i.PCD8544_GotoXY                         0x08001bd4   Section        0  tm_stm32f4_pcd8544.o(i.PCD8544_GotoXY)
    i.PCD8544_Home                           0x08001be0   Section        0  tm_stm32f4_pcd8544.o(i.PCD8544_Home)
    i.PCD8544_Pin                            0x08001bf8   Section        0  tm_stm32f4_pcd8544.o(i.PCD8544_Pin)
    i.PCD8544_Putc                           0x08001c2c   Section        0  tm_stm32f4_pcd8544.o(i.PCD8544_Putc)
    i.PCD8544_Puts                           0x08001d04   Section        0  tm_stm32f4_pcd8544.o(i.PCD8544_Puts)
    i.PCD8544_Refresh                        0x08001d20   Section        0  tm_stm32f4_pcd8544.o(i.PCD8544_Refresh)
    i.PCD8544_UpdateArea                     0x08001d9c   Section        0  tm_stm32f4_pcd8544.o(i.PCD8544_UpdateArea)
    i.PCD8544_Write                          0x08001dc8   Section        0  tm_stm32f4_pcd8544.o(i.PCD8544_Write)
    i.PCD8544_send                           0x08001de8   Section        0  tm_stm32f4_pcd8544.o(i.PCD8544_send)
    i.PendSV_Handler                         0x08001e18   Section        0  stm32f4xx_it.o(i.PendSV_Handler)
    i.ReadDeviceAddress                      0x08001e1c   Section        0  flash_memory.o(i.ReadDeviceAddress)
    i.SPI_CheckFlag_BSY                      0x08001e50   Section        0  stm32f4xx_hal_spi.o(i.SPI_CheckFlag_BSY)
    SPI_CheckFlag_BSY                        0x08001e51   Thumb Code    32  stm32f4xx_hal_spi.o(i.SPI_CheckFlag_BSY)
    i.SPI_WaitFlagStateUntilTimeout          0x08001e70   Section        0  stm32f4xx_hal_spi.o(i.SPI_WaitFlagStateUntilTimeout)
    SPI_WaitFlagStateUntilTimeout            0x08001e71   Thumb Code   148  stm32f4xx_hal_spi.o(i.SPI_WaitFlagStateUntilTimeout)
    i.SVC_Handler                            0x08001f04   Section        0  stm32f4xx_it.o(i.SVC_Handler)
    i.SearchCommaGGA                         0x08001f06   Section        0  gps.o(i.SearchCommaGGA)
    i.Second_Button                          0x08001f24   Section        0  lcd.o(i.Second_Button)
    i.StringInFloat                          0x08001fc0   Section        0  gps.o(i.StringInFloat)
    i.SysTick_Handler                        0x08001fdc   Section        0  stm32f4xx_it.o(i.SysTick_Handler)
    i.SystemClock_Config                     0x08001fec   Section        0  main.o(i.SystemClock_Config)
    i.SystemInit                             0x0800208c   Section        0  system_stm32f4xx.o(i.SystemInit)
    i.Theird_Button                          0x080020e0   Section        0  lcd.o(i.Theird_Button)
    i.UART_SetConfig                         0x0800211c   Section        0  stm32f4xx_hal_uart.o(i.UART_SetConfig)
    UART_SetConfig                           0x0800211d   Thumb Code   676  stm32f4xx_hal_uart.o(i.UART_SetConfig)
    i.UART_WaitOnFlagUntilTimeout            0x080023c8   Section        0  stm32f4xx_hal_uart.o(i.UART_WaitOnFlagUntilTimeout)
    UART_WaitOnFlagUntilTimeout              0x080023c9   Thumb Code   100  stm32f4xx_hal_uart.o(i.UART_WaitOnFlagUntilTimeout)
    i.UsageFault_Handler                     0x0800242c   Section        0  stm32f4xx_it.o(i.UsageFault_Handler)
    i.WriteDeviceAddress                     0x08002430   Section        0  flash_memory.o(i.WriteDeviceAddress)
    i.WriteGGAdata                           0x08002488   Section        0  main.o(i.WriteGGAdata)
    i.WriteGPSinMassiv                       0x08002580   Section        0  gps.o(i.WriteGPSinMassiv)
    i.WriteMasForLCD                         0x080025dc   Section        0  lcd.o(i.WriteMasForLCD)
    i.WriteNewCoordin                        0x08002648   Section        0  lcd.o(i.WriteNewCoordin)
    i.WriteRMCdata                           0x08002678   Section        0  main.o(i.WriteRMCdata)
    i.__hardfp_atof                          0x080026f0   Section        0  atof.o(i.__hardfp_atof)
    i.__read_errno                           0x08002728   Section        0  errno.o(i.__read_errno)
    i.__scatterload_copy                     0x08002734   Section       14  handlers.o(i.__scatterload_copy)
    i.__scatterload_null                     0x08002742   Section        2  handlers.o(i.__scatterload_null)
    i.__scatterload_zeroinit                 0x08002744   Section       14  handlers.o(i.__scatterload_zeroinit)
    i.__set_errno                            0x08002754   Section        0  errno.o(i.__set_errno)
    i._is_digit                              0x08002760   Section        0  scanf_fp.o(i._is_digit)
    i.main                                   0x08002770   Section        0  main.o(i.main)
    .constdata                               0x080028c4   Section       16  system_stm32f4xx.o(.constdata)
    .constdata                               0x080028d4   Section        8  system_stm32f4xx.o(.constdata)
    .constdata                               0x080028dc   Section      900  tm_stm32f4_pcd8544.o(.constdata)
    .constdata                               0x08002c60   Section       64  ctype_c.o(.constdata)
    .data                                    0x20000000   Section        4  system_stm32f4xx.o(.data)
    .data                                    0x20000004   Section        4  stm32f4xx_hal.o(.data)
    .data                                    0x20000008   Section        6  tm_stm32f4_pcd8544.o(.data)
    .data                                    0x20000010   Section        4  errno.o(.data)
    _errno                                   0x20000010   Data           4  errno.o(.data)
    .bss                                     0x20000014   Section       32  stm32f4xx_hal_flash.o(.bss)
    .bss                                     0x20000034   Section      152  main.o(.bss)
    .bss                                     0x200000cc   Section      504  tm_stm32f4_pcd8544.o(.bss)
    STACK                                    0x200002c8   Section     1024  startup_stm32f407xx.o(STACK)

    Global Symbols

    Symbol Name                              Value     Ov Type        Size  Object(Section)

    BuildAttributes$$THM_ISAv4$E$P$D$K$B$S$7EM$VFPi3$EXTD16$VFPS$VFMA$PE$A:L22UL41UL21$X:L11$S22US41US21$IEEE1$IW$USESV6$~STKCKD$USESV7$~SHL$OTIME$ROPI$IEEEJ$EBA8$MICROLIB$REQ8$PRES8$EABIv2 0x00000000   Number         0  anon$$obj.o ABSOLUTE
    __ARM_use_no_argv                        0x00000000   Number         0  main.o ABSOLUTE
    __cpp_initialize__aeabi_                  - Undefined Weak Reference
    __cxa_finalize                            - Undefined Weak Reference
    __decompress                              - Undefined Weak Reference
    _clock_init                               - Undefined Weak Reference
    _microlib_exit                            - Undefined Weak Reference
    __Vectors_Size                           0x00000188   Number         0  startup_stm32f407xx.o ABSOLUTE
    __Vectors                                0x08000000   Data           4  startup_stm32f407xx.o(RESET)
    __Vectors_End                            0x08000188   Data           0  startup_stm32f407xx.o(RESET)
    __main                                   0x08000189   Thumb Code     0  entry.o(.ARM.Collect$$$$00000000)
    _main_stk                                0x08000189   Thumb Code     0  entry2.o(.ARM.Collect$$$$00000001)
    _main_scatterload                        0x0800018d   Thumb Code     0  entry5.o(.ARM.Collect$$$$00000004)
    __main_after_scatterload                 0x08000191   Thumb Code     0  entry5.o(.ARM.Collect$$$$00000004)
    _main_clock                              0x08000191   Thumb Code     0  entry7b.o(.ARM.Collect$$$$00000008)
    _main_cpp_init                           0x08000191   Thumb Code     0  entry8b.o(.ARM.Collect$$$$0000000A)
    _main_init                               0x08000191   Thumb Code     0  entry9a.o(.ARM.Collect$$$$0000000B)
    __rt_final_cpp                           0x08000199   Thumb Code     0  entry10a.o(.ARM.Collect$$$$0000000D)
    __rt_final_exit                          0x08000199   Thumb Code     0  entry11a.o(.ARM.Collect$$$$0000000F)
    Reset_Handler                            0x0800019d   Thumb Code     8  startup_stm32f407xx.o(.text)
    ADC_IRQHandler                           0x080001b7   Thumb Code     0  startup_stm32f407xx.o(.text)
    CAN1_RX0_IRQHandler                      0x080001b7   Thumb Code     0  startup_stm32f407xx.o(.text)
    CAN1_RX1_IRQHandler                      0x080001b7   Thumb Code     0  startup_stm32f407xx.o(.text)
    CAN1_SCE_IRQHandler                      0x080001b7   Thumb Code     0  startup_stm32f407xx.o(.text)
    CAN1_TX_IRQHandler                       0x080001b7   Thumb Code     0  startup_stm32f407xx.o(.text)
    CAN2_RX0_IRQHandler                      0x080001b7   Thumb Code     0  startup_stm32f407xx.o(.text)
    CAN2_RX1_IRQHandler                      0x080001b7   Thumb Code     0  startup_stm32f407xx.o(.text)
    CAN2_SCE_IRQHandler                      0x080001b7   Thumb Code     0  startup_stm32f407xx.o(.text)
    CAN2_TX_IRQHandler                       0x080001b7   Thumb Code     0  startup_stm32f407xx.o(.text)
    DCMI_IRQHandler                          0x080001b7   Thumb Code     0  startup_stm32f407xx.o(.text)
    DMA1_Stream0_IRQHandler                  0x080001b7   Thumb Code     0  startup_stm32f407xx.o(.text)
    DMA1_Stream1_IRQHandler                  0x080001b7   Thumb Code     0  startup_stm32f407xx.o(.text)
    DMA1_Stream2_IRQHandler                  0x080001b7   Thumb Code     0  startup_stm32f407xx.o(.text)
    DMA1_Stream3_IRQHandler                  0x080001b7   Thumb Code     0  startup_stm32f407xx.o(.text)
    DMA1_Stream4_IRQHandler                  0x080001b7   Thumb Code     0  startup_stm32f407xx.o(.text)
    DMA1_Stream5_IRQHandler                  0x080001b7   Thumb Code     0  startup_stm32f407xx.o(.text)
    DMA1_Stream6_IRQHandler                  0x080001b7   Thumb Code     0  startup_stm32f407xx.o(.text)
    DMA1_Stream7_IRQHandler                  0x080001b7   Thumb Code     0  startup_stm32f407xx.o(.text)
    DMA2_Stream0_IRQHandler                  0x080001b7   Thumb Code     0  startup_stm32f407xx.o(.text)
    DMA2_Stream1_IRQHandler                  0x080001b7   Thumb Code     0  startup_stm32f407xx.o(.text)
    DMA2_Stream2_IRQHandler                  0x080001b7   Thumb Code     0  startup_stm32f407xx.o(.text)
    DMA2_Stream3_IRQHandler                  0x080001b7   Thumb Code     0  startup_stm32f407xx.o(.text)
    DMA2_Stream4_IRQHandler                  0x080001b7   Thumb Code     0  startup_stm32f407xx.o(.text)
    DMA2_Stream5_IRQHandler                  0x080001b7   Thumb Code     0  startup_stm32f407xx.o(.text)
    DMA2_Stream6_IRQHandler                  0x080001b7   Thumb Code     0  startup_stm32f407xx.o(.text)
    DMA2_Stream7_IRQHandler                  0x080001b7   Thumb Code     0  startup_stm32f407xx.o(.text)
    ETH_IRQHandler                           0x080001b7   Thumb Code     0  startup_stm32f407xx.o(.text)
    ETH_WKUP_IRQHandler                      0x080001b7   Thumb Code     0  startup_stm32f407xx.o(.text)
    EXTI0_IRQHandler                         0x080001b7   Thumb Code     0  startup_stm32f407xx.o(.text)
    EXTI15_10_IRQHandler                     0x080001b7   Thumb Code     0  startup_stm32f407xx.o(.text)
    EXTI1_IRQHandler                         0x080001b7   Thumb Code     0  startup_stm32f407xx.o(.text)
    EXTI2_IRQHandler                         0x080001b7   Thumb Code     0  startup_stm32f407xx.o(.text)
    EXTI3_IRQHandler                         0x080001b7   Thumb Code     0  startup_stm32f407xx.o(.text)
    EXTI4_IRQHandler                         0x080001b7   Thumb Code     0  startup_stm32f407xx.o(.text)
    EXTI9_5_IRQHandler                       0x080001b7   Thumb Code     0  startup_stm32f407xx.o(.text)
    FLASH_IRQHandler                         0x080001b7   Thumb Code     0  startup_stm32f407xx.o(.text)
    FMC_IRQHandler                           0x080001b7   Thumb Code     0  startup_stm32f407xx.o(.text)
    FPU_IRQHandler                           0x080001b7   Thumb Code     0  startup_stm32f407xx.o(.text)
    HASH_RNG_IRQHandler                      0x080001b7   Thumb Code     0  startup_stm32f407xx.o(.text)
    I2C1_ER_IRQHandler                       0x080001b7   Thumb Code     0  startup_stm32f407xx.o(.text)
    I2C1_EV_IRQHandler                       0x080001b7   Thumb Code     0  startup_stm32f407xx.o(.text)
    I2C2_ER_IRQHandler                       0x080001b7   Thumb Code     0  startup_stm32f407xx.o(.text)
    I2C2_EV_IRQHandler                       0x080001b7   Thumb Code     0  startup_stm32f407xx.o(.text)
    I2C3_ER_IRQHandler                       0x080001b7   Thumb Code     0  startup_stm32f407xx.o(.text)
    I2C3_EV_IRQHandler                       0x080001b7   Thumb Code     0  startup_stm32f407xx.o(.text)
    OTG_FS_IRQHandler                        0x080001b7   Thumb Code     0  startup_stm32f407xx.o(.text)
    OTG_FS_WKUP_IRQHandler                   0x080001b7   Thumb Code     0  startup_stm32f407xx.o(.text)
    OTG_HS_EP1_IN_IRQHandler                 0x080001b7   Thumb Code     0  startup_stm32f407xx.o(.text)
    OTG_HS_EP1_OUT_IRQHandler                0x080001b7   Thumb Code     0  startup_stm32f407xx.o(.text)
    OTG_HS_IRQHandler                        0x080001b7   Thumb Code     0  startup_stm32f407xx.o(.text)
    OTG_HS_WKUP_IRQHandler                   0x080001b7   Thumb Code     0  startup_stm32f407xx.o(.text)
    PVD_IRQHandler                           0x080001b7   Thumb Code     0  startup_stm32f407xx.o(.text)
    RCC_IRQHandler                           0x080001b7   Thumb Code     0  startup_stm32f407xx.o(.text)
    RTC_Alarm_IRQHandler                     0x080001b7   Thumb Code     0  startup_stm32f407xx.o(.text)
    RTC_WKUP_IRQHandler                      0x080001b7   Thumb Code     0  startup_stm32f407xx.o(.text)
    SDIO_IRQHandler                          0x080001b7   Thumb Code     0  startup_stm32f407xx.o(.text)
    SPI1_IRQHandler                          0x080001b7   Thumb Code     0  startup_stm32f407xx.o(.text)
    SPI2_IRQHandler                          0x080001b7   Thumb Code     0  startup_stm32f407xx.o(.text)
    SPI3_IRQHandler                          0x080001b7   Thumb Code     0  startup_stm32f407xx.o(.text)
    TAMP_STAMP_IRQHandler                    0x080001b7   Thumb Code     0  startup_stm32f407xx.o(.text)
    TIM1_BRK_TIM9_IRQHandler                 0x080001b7   Thumb Code     0  startup_stm32f407xx.o(.text)
    TIM1_CC_IRQHandler                       0x080001b7   Thumb Code     0  startup_stm32f407xx.o(.text)
    TIM1_TRG_COM_TIM11_IRQHandler            0x080001b7   Thumb Code     0  startup_stm32f407xx.o(.text)
    TIM1_UP_TIM10_IRQHandler                 0x080001b7   Thumb Code     0  startup_stm32f407xx.o(.text)
    TIM2_IRQHandler                          0x080001b7   Thumb Code     0  startup_stm32f407xx.o(.text)
    TIM3_IRQHandler                          0x080001b7   Thumb Code     0  startup_stm32f407xx.o(.text)
    TIM4_IRQHandler                          0x080001b7   Thumb Code     0  startup_stm32f407xx.o(.text)
    TIM5_IRQHandler                          0x080001b7   Thumb Code     0  startup_stm32f407xx.o(.text)
    TIM6_DAC_IRQHandler                      0x080001b7   Thumb Code     0  startup_stm32f407xx.o(.text)
    TIM7_IRQHandler                          0x080001b7   Thumb Code     0  startup_stm32f407xx.o(.text)
    TIM8_BRK_TIM12_IRQHandler                0x080001b7   Thumb Code     0  startup_stm32f407xx.o(.text)
    TIM8_CC_IRQHandler                       0x080001b7   Thumb Code     0  startup_stm32f407xx.o(.text)
    TIM8_TRG_COM_TIM14_IRQHandler            0x080001b7   Thumb Code     0  startup_stm32f407xx.o(.text)
    TIM8_UP_TIM13_IRQHandler                 0x080001b7   Thumb Code     0  startup_stm32f407xx.o(.text)
    UART4_IRQHandler                         0x080001b7   Thumb Code     0  startup_stm32f407xx.o(.text)
    UART5_IRQHandler                         0x080001b7   Thumb Code     0  startup_stm32f407xx.o(.text)
    USART1_IRQHandler                        0x080001b7   Thumb Code     0  startup_stm32f407xx.o(.text)
    USART2_IRQHandler                        0x080001b7   Thumb Code     0  startup_stm32f407xx.o(.text)
    USART3_IRQHandler                        0x080001b7   Thumb Code     0  startup_stm32f407xx.o(.text)
    USART6_IRQHandler                        0x080001b7   Thumb Code     0  startup_stm32f407xx.o(.text)
    WWDG_IRQHandler                          0x080001b7   Thumb Code     0  startup_stm32f407xx.o(.text)
    strcpy                                   0x080001c1   Thumb Code    18  strcpy.o(.text)
    __strtod_int                             0x0800020b   Thumb Code    88  strtod.o(.text)
    __I$use$fp                               0x08000271   Thumb Code     0  iusefp.o(.text)
    __scatterload                            0x08000271   Thumb Code    28  init.o(.text)
    __scatterload_rt2                        0x08000271   Thumb Code     0  init.o(.text)
    isspace                                  0x08000295   Thumb Code    10  isspace_c.o(.text)
    _scanf_real                              0x080003a1   Thumb Code     0  scanf_fp.o(.text)
    _scanf_really_real                       0x080003a1   Thumb Code   560  scanf_fp.o(.text)
    _sgetc                                   0x080005dd   Thumb Code    30  _sgetc.o(.text)
    _sbackspace                              0x080005fb   Thumb Code    34  _sgetc.o(.text)
    __ctype_lookup                           0x0800061d   Thumb Code    34  ctype_c.o(.text)
    __aeabi_dmul                             0x08000645   Thumb Code   228  dmul.o(.text)
    __aeabi_ddiv                             0x08000729   Thumb Code   222  ddiv.o(.text)
    __aeabi_ul2d                             0x08000807   Thumb Code    24  dfltul.o(.text)
    __aeabi_d2f                              0x0800081f   Thumb Code    56  d2f.o(.text)
    _float_round                             0x08000857   Thumb Code    18  fepilogue.o(.text)
    _float_epilogue                          0x08000869   Thumb Code    90  fepilogue.o(.text)
    _double_round                            0x080008c3   Thumb Code    26  depilogue.o(.text)
    _double_epilogue                         0x080008dd   Thumb Code   164  depilogue.o(.text)
    __aeabi_llsl                             0x08000981   Thumb Code    30  llshl.o(.text)
    _ll_shift_l                              0x08000981   Thumb Code     0  llshl.o(.text)
    __aeabi_llsr                             0x0800099f   Thumb Code    32  llushr.o(.text)
    _ll_ushift_r                             0x0800099f   Thumb Code     0  llushr.o(.text)
    BusFault_Handler                         0x080009bf   Thumb Code     2  stm32f4xx_it.o(i.BusFault_Handler)
    DebugMon_Handler                         0x080009c1   Thumb Code     2  stm32f4xx_it.o(i.DebugMon_Handler)
    FLASH_Erase_Sector                       0x080009c5   Thumb Code    84  stm32f4xx_hal_flash_ex.o(i.FLASH_Erase_Sector)
    FLASH_WaitForLastOperation               0x08000b15   Thumb Code    72  stm32f4xx_hal_flash.o(i.FLASH_WaitForLastOperation)
    First_Button                             0x08000b65   Thumb Code   180  lcd.o(i.First_Button)
    HAL_FLASH_Lock                           0x08000c25   Thumb Code    14  stm32f4xx_hal_flash.o(i.HAL_FLASH_Lock)
    HAL_FLASH_Program                        0x08000c39   Thumb Code   116  stm32f4xx_hal_flash.o(i.HAL_FLASH_Program)
    HAL_FLASH_Unlock                         0x08000cb5   Thumb Code    28  stm32f4xx_hal_flash.o(i.HAL_FLASH_Unlock)
    HAL_GPIO_Init                            0x08000cdd   Thumb Code   392  stm32f4xx_hal_gpio.o(i.HAL_GPIO_Init)
    HAL_GPIO_ReadPin                         0x08000e91   Thumb Code    10  stm32f4xx_hal_gpio.o(i.HAL_GPIO_ReadPin)
    HAL_GPIO_WritePin                        0x08000e9b   Thumb Code    10  stm32f4xx_hal_gpio.o(i.HAL_GPIO_WritePin)
    HAL_GetTick                              0x08000ea5   Thumb Code     6  stm32f4xx_hal.o(i.HAL_GetTick)
    HAL_IncTick                              0x08000eb1   Thumb Code    10  stm32f4xx_hal.o(i.HAL_IncTick)
    HAL_Init                                 0x08000ec1   Thumb Code    48  stm32f4xx_hal.o(i.HAL_Init)
    HAL_InitTick                             0x08000ef5   Thumb Code    34  stm32f4xx_hal.o(i.HAL_InitTick)
    HAL_MspInit                              0x08000f1d   Thumb Code    88  stm32f4xx_hal_msp.o(i.HAL_MspInit)
    HAL_NVIC_SetPriority                     0x08000f75   Thumb Code    60  stm32f4xx_hal_cortex.o(i.HAL_NVIC_SetPriority)
    HAL_NVIC_SetPriorityGrouping             0x08000fb5   Thumb Code    26  stm32f4xx_hal_cortex.o(i.HAL_NVIC_SetPriorityGrouping)
    HAL_RCC_ClockConfig                      0x08000fd9   Thumb Code   364  stm32f4xx_hal_rcc.o(i.HAL_RCC_ClockConfig)
    HAL_RCC_GetHCLKFreq                      0x08001155   Thumb Code     6  stm32f4xx_hal_rcc.o(i.HAL_RCC_GetHCLKFreq)
    HAL_RCC_GetPCLK1Freq                     0x08001161   Thumb Code    34  stm32f4xx_hal_rcc.o(i.HAL_RCC_GetPCLK1Freq)
    HAL_RCC_GetPCLK2Freq                     0x08001191   Thumb Code    34  stm32f4xx_hal_rcc.o(i.HAL_RCC_GetPCLK2Freq)
    HAL_RCC_GetSysClockFreq                  0x080011c1   Thumb Code   104  stm32f4xx_hal_rcc.o(i.HAL_RCC_GetSysClockFreq)
    HAL_RCC_OscConfig                        0x08001231   Thumb Code   770  stm32f4xx_hal_rcc.o(i.HAL_RCC_OscConfig)
    HAL_SPI_Init                             0x08001545   Thumb Code   128  stm32f4xx_hal_spi.o(i.HAL_SPI_Init)
    HAL_SPI_MspInit                          0x080015c5   Thumb Code    78  stm32f4xx_hal_msp.o(i.HAL_SPI_MspInit)
    HAL_SPI_Transmit                         0x08001625   Thumb Code   360  stm32f4xx_hal_spi.o(i.HAL_SPI_Transmit)
    HAL_SYSTICK_CLKSourceConfig              0x0800178d   Thumb Code    24  stm32f4xx_hal_cortex.o(i.HAL_SYSTICK_CLKSourceConfig)
    HAL_SYSTICK_Callback                     0x080017a5   Thumb Code     2  stm32f4xx_hal_cortex.o(i.HAL_SYSTICK_Callback)
    HAL_SYSTICK_Config                       0x080017a7   Thumb Code    40  stm32f4xx_hal_cortex.o(i.HAL_SYSTICK_Config)
    HAL_SYSTICK_IRQHandler                   0x080017cf   Thumb Code     8  stm32f4xx_hal_cortex.o(i.HAL_SYSTICK_IRQHandler)
    HAL_UART_Init                            0x080017d7   Thumb Code    98  stm32f4xx_hal_uart.o(i.HAL_UART_Init)
    HAL_UART_MspInit                         0x08001839   Thumb Code    72  stm32f4xx_hal_msp.o(i.HAL_UART_MspInit)
    HAL_UART_Receive                         0x08001891   Thumb Code   182  stm32f4xx_hal_uart.o(i.HAL_UART_Receive)
    HardFault_Handler                        0x08001947   Thumb Code     2  stm32f4xx_it.o(i.HardFault_Handler)
    Initial_Inscription                      0x08001949   Thumb Code    64  lcd.o(i.Initial_Inscription)
    MemManage_Handler                        0x08001b05   Thumb Code     2  stm32f4xx_it.o(i.MemManage_Handler)
    NMI_Handler                              0x08001b07   Thumb Code     2  stm32f4xx_it.o(i.NMI_Handler)
    Output_Line                              0x08001b29   Thumb Code    44  gps.o(i.Output_Line)
    PCD8544_Clear                            0x08001b55   Thumb Code    52  tm_stm32f4_pcd8544.o(i.PCD8544_Clear)
    PCD8544_DrawPixel                        0x08001b8d   Thumb Code    68  tm_stm32f4_pcd8544.o(i.PCD8544_DrawPixel)
    PCD8544_GotoXY                           0x08001bd5   Thumb Code     8  tm_stm32f4_pcd8544.o(i.PCD8544_GotoXY)
    PCD8544_Home                             0x08001be1   Thumb Code    22  tm_stm32f4_pcd8544.o(i.PCD8544_Home)
    PCD8544_Pin                              0x08001bf9   Thumb Code    44  tm_stm32f4_pcd8544.o(i.PCD8544_Pin)
    PCD8544_Putc                             0x08001c2d   Thumb Code   202  tm_stm32f4_pcd8544.o(i.PCD8544_Putc)
    PCD8544_Puts                             0x08001d05   Thumb Code    28  tm_stm32f4_pcd8544.o(i.PCD8544_Puts)
    PCD8544_Refresh                          0x08001d21   Thumb Code   114  tm_stm32f4_pcd8544.o(i.PCD8544_Refresh)
    PCD8544_UpdateArea                       0x08001d9d   Thumb Code    38  tm_stm32f4_pcd8544.o(i.PCD8544_UpdateArea)
    PCD8544_Write                            0x08001dc9   Thumb Code    32  tm_stm32f4_pcd8544.o(i.PCD8544_Write)
    PCD8544_send                             0x08001de9   Thumb Code    38  tm_stm32f4_pcd8544.o(i.PCD8544_send)
    PendSV_Handler                           0x08001e19   Thumb Code     2  stm32f4xx_it.o(i.PendSV_Handler)
    ReadDeviceAddress                        0x08001e1d   Thumb Code    46  flash_memory.o(i.ReadDeviceAddress)
    SVC_Handler                              0x08001f05   Thumb Code     2  stm32f4xx_it.o(i.SVC_Handler)
    SearchCommaGGA                           0x08001f07   Thumb Code    28  gps.o(i.SearchCommaGGA)
    Second_Button                            0x08001f25   Thumb Code   128  lcd.o(i.Second_Button)
    StringInFloat                            0x08001fc1   Thumb Code    28  gps.o(i.StringInFloat)
    SysTick_Handler                          0x08001fdd   Thumb Code    14  stm32f4xx_it.o(i.SysTick_Handler)
    SystemClock_Config                       0x08001fed   Thumb Code   150  main.o(i.SystemClock_Config)
    SystemInit                               0x0800208d   Thumb Code    66  system_stm32f4xx.o(i.SystemInit)
    Theird_Button                            0x080020e1   Thumb Code    52  lcd.o(i.Theird_Button)
    UsageFault_Handler                       0x0800242d   Thumb Code     2  stm32f4xx_it.o(i.UsageFault_Handler)
    WriteDeviceAddress                       0x08002431   Thumb Code    84  flash_memory.o(i.WriteDeviceAddress)
    WriteGGAdata                             0x08002489   Thumb Code   248  main.o(i.WriteGGAdata)
    WriteGPSinMassiv                         0x08002581   Thumb Code    88  gps.o(i.WriteGPSinMassiv)
    WriteMasForLCD                           0x080025dd   Thumb Code   106  lcd.o(i.WriteMasForLCD)
    WriteNewCoordin                          0x08002649   Thumb Code    44  lcd.o(i.WriteNewCoordin)
    WriteRMCdata                             0x08002679   Thumb Code   120  main.o(i.WriteRMCdata)
    __hardfp_atof                            0x080026f1   Thumb Code    44  atof.o(i.__hardfp_atof)
    __read_errno                             0x08002729   Thumb Code     6  errno.o(i.__read_errno)
    __scatterload_copy                       0x08002735   Thumb Code    14  handlers.o(i.__scatterload_copy)
    __scatterload_null                       0x08002743   Thumb Code     2  handlers.o(i.__scatterload_null)
    __scatterload_zeroinit                   0x08002745   Thumb Code    14  handlers.o(i.__scatterload_zeroinit)
    __set_errno                              0x08002755   Thumb Code     6  errno.o(i.__set_errno)
    _is_digit                                0x08002761   Thumb Code    14  scanf_fp.o(i._is_digit)
    main                                     0x08002771   Thumb Code   334  main.o(i.main)
    AHBPrescTable                            0x080028c4   Data          16  system_stm32f4xx.o(.constdata)
    APBPrescTable                            0x080028d4   Data           8  system_stm32f4xx.o(.constdata)
    PCD8544_Font5x7                          0x080028dc   Data         582  tm_stm32f4_pcd8544.o(.constdata)
    PCD8544_Font3x5                          0x08002b22   Data         318  tm_stm32f4_pcd8544.o(.constdata)
    __ctype_categories                       0x08002c60   Data          64  ctype_c.o(.constdata)
    Region$$Table$$Base                      0x08002ca0   Number         0  anon$$obj.o(Region$$Table)
    Region$$Table$$Limit                     0x08002cc0   Number         0  anon$$obj.o(Region$$Table)
    SystemCoreClock                          0x20000000   Data           4  system_stm32f4xx.o(.data)
    uwTick                                   0x20000004   Data           4  stm32f4xx_hal.o(.data)
    PCD8544_UpdateXmin                       0x20000008   Data           1  tm_stm32f4_pcd8544.o(.data)
    PCD8544_UpdateXmax                       0x20000009   Data           1  tm_stm32f4_pcd8544.o(.data)
    PCD8544_UpdateYmin                       0x2000000a   Data           1  tm_stm32f4_pcd8544.o(.data)
    PCD8544_UpdateYmax                       0x2000000b   Data           1  tm_stm32f4_pcd8544.o(.data)
    PCD8544_x                                0x2000000c   Data           1  tm_stm32f4_pcd8544.o(.data)
    PCD8544_y                                0x2000000d   Data           1  tm_stm32f4_pcd8544.o(.data)
    pFlash                                   0x20000014   Data          32  stm32f4xx_hal_flash.o(.bss)
    hspi2                                    0x20000034   Data          88  main.o(.bss)
    huart3                                   0x2000008c   Data          64  main.o(.bss)
    PCD8544_Buffer                           0x200000cc   Data         504  tm_stm32f4_pcd8544.o(.bss)
    __initial_sp                             0x200006c8   Data           0  startup_stm32f407xx.o(STACK)



==============================================================================

Memory Map of the image

  Image Entry point : 0x08000189

  Load Region LR_IROM1 (Base: 0x08000000, Size: 0x00002cd4, Max: 0x00100000, ABSOLUTE)

    Execution Region ER_IROM1 (Base: 0x08000000, Size: 0x00002cc0, Max: 0x00100000, ABSOLUTE)

    Base Addr    Size         Type   Attr      Idx    E Section Name        Object

    0x08000000   0x00000188   Data   RO            3    RESET               startup_stm32f407xx.o
    0x08000188   0x00000000   Code   RO         2310  * .ARM.Collect$$$$00000000  mc_w.l(entry.o)
    0x08000188   0x00000004   Code   RO         2315    .ARM.Collect$$$$00000001  mc_w.l(entry2.o)
    0x0800018c   0x00000004   Code   RO         2318    .ARM.Collect$$$$00000004  mc_w.l(entry5.o)
    0x08000190   0x00000000   Code   RO         2320    .ARM.Collect$$$$00000008  mc_w.l(entry7b.o)
    0x08000190   0x00000000   Code   RO         2322    .ARM.Collect$$$$0000000A  mc_w.l(entry8b.o)
    0x08000190   0x00000008   Code   RO         2323    .ARM.Collect$$$$0000000B  mc_w.l(entry9a.o)
    0x08000198   0x00000000   Code   RO         2325    .ARM.Collect$$$$0000000D  mc_w.l(entry10a.o)
    0x08000198   0x00000000   Code   RO         2327    .ARM.Collect$$$$0000000F  mc_w.l(entry11a.o)
    0x08000198   0x00000004   Code   RO         2316    .ARM.Collect$$$$00002712  mc_w.l(entry2.o)
    0x0800019c   0x00000024   Code   RO            4    .text               startup_stm32f407xx.o
    0x080001c0   0x00000012   Code   RO         2313    .text               mc_w.l(strcpy.o)
    0x080001d2   0x00000002   PAD
    0x080001d4   0x0000009c   Code   RO         2336    .text               mc_w.l(strtod.o)
    0x08000270   0x00000000   Code   RO         2338    .text               mc_w.l(iusefp.o)
    0x08000270   0x00000024   Code   RO         2339    .text               mc_w.l(init.o)
    0x08000294   0x0000000a   Code   RO         2341    .text               mc_w.l(isspace_c.o)
    0x0800029e   0x00000002   PAD
    0x080002a0   0x0000033c   Code   RO         2343    .text               mc_w.l(scanf_fp.o)
    0x080005dc   0x00000040   Code   RO         2347    .text               mc_w.l(_sgetc.o)
    0x0800061c   0x00000028   Code   RO         2349    .text               mc_w.l(ctype_c.o)
    0x08000644   0x000000e4   Code   RO         2352    .text               mf_w.l(dmul.o)
    0x08000728   0x000000de   Code   RO         2354    .text               mf_w.l(ddiv.o)
    0x08000806   0x00000018   Code   RO         2356    .text               mf_w.l(dfltul.o)
    0x0800081e   0x00000038   Code   RO         2358    .text               mf_w.l(d2f.o)
    0x08000856   0x0000006c   Code   RO         2360    .text               mf_w.l(fepilogue.o)
    0x080008c2   0x000000be   Code   RO         2362    .text               mf_w.l(depilogue.o)
    0x08000980   0x0000001e   Code   RO         2364    .text               mc_w.l(llshl.o)
    0x0800099e   0x00000020   Code   RO         2366    .text               mc_w.l(llushr.o)
    0x080009be   0x00000002   Code   RO         1884    i.BusFault_Handler  stm32f4xx_it.o
    0x080009c0   0x00000002   Code   RO         1885    i.DebugMon_Handler  stm32f4xx_it.o
    0x080009c2   0x00000002   PAD
    0x080009c4   0x00000058   Code   RO          919    i.FLASH_Erase_Sector  stm32f4xx_hal_flash_ex.o
    0x08000a1c   0x00000020   Code   RO          801    i.FLASH_Program_Byte  stm32f4xx_hal_flash.o
    0x08000a3c   0x00000028   Code   RO          802    i.FLASH_Program_DoubleWord  stm32f4xx_hal_flash.o
    0x08000a64   0x00000024   Code   RO          803    i.FLASH_Program_HalfWord  stm32f4xx_hal_flash.o
    0x08000a88   0x00000024   Code   RO          804    i.FLASH_Program_Word  stm32f4xx_hal_flash.o
    0x08000aac   0x00000068   Code   RO          805    i.FLASH_SetErrorCode  stm32f4xx_hal_flash.o
    0x08000b14   0x00000050   Code   RO          806    i.FLASH_WaitForLastOperation  stm32f4xx_hal_flash.o
    0x08000b64   0x000000c0   Code   RO         2067    i.First_Button      lcd.o
    0x08000c24   0x00000014   Code   RO          810    i.HAL_FLASH_Lock    stm32f4xx_hal_flash.o
    0x08000c38   0x0000007c   Code   RO          815    i.HAL_FLASH_Program  stm32f4xx_hal_flash.o
    0x08000cb4   0x00000028   Code   RO          817    i.HAL_FLASH_Unlock  stm32f4xx_hal_flash.o
    0x08000cdc   0x000001b4   Code   RO          720    i.HAL_GPIO_Init     stm32f4xx_hal_gpio.o
    0x08000e90   0x0000000a   Code   RO          722    i.HAL_GPIO_ReadPin  stm32f4xx_hal_gpio.o
    0x08000e9a   0x0000000a   Code   RO          724    i.HAL_GPIO_WritePin  stm32f4xx_hal_gpio.o
    0x08000ea4   0x0000000c   Code   RO         1309    i.HAL_GetTick       stm32f4xx_hal.o
    0x08000eb0   0x00000010   Code   RO         1311    i.HAL_IncTick       stm32f4xx_hal.o
    0x08000ec0   0x00000034   Code   RO         1312    i.HAL_Init          stm32f4xx_hal.o
    0x08000ef4   0x00000028   Code   RO         1313    i.HAL_InitTick      stm32f4xx_hal.o
    0x08000f1c   0x00000058   Code   RO         1836    i.HAL_MspInit       stm32f4xx_hal_msp.o
    0x08000f74   0x00000040   Code   RO          149    i.HAL_NVIC_SetPriority  stm32f4xx_hal_cortex.o
    0x08000fb4   0x00000024   Code   RO          150    i.HAL_NVIC_SetPriorityGrouping  stm32f4xx_hal_cortex.o
    0x08000fd8   0x0000017c   Code   RO         1450    i.HAL_RCC_ClockConfig  stm32f4xx_hal_rcc.o
    0x08001154   0x0000000c   Code   RO         1455    i.HAL_RCC_GetHCLKFreq  stm32f4xx_hal_rcc.o
    0x08001160   0x00000030   Code   RO         1457    i.HAL_RCC_GetPCLK1Freq  stm32f4xx_hal_rcc.o
    0x08001190   0x00000030   Code   RO         1458    i.HAL_RCC_GetPCLK2Freq  stm32f4xx_hal_rcc.o
    0x080011c0   0x00000070   Code   RO         1459    i.HAL_RCC_GetSysClockFreq  stm32f4xx_hal_rcc.o
    0x08001230   0x00000314   Code   RO         1462    i.HAL_RCC_OscConfig  stm32f4xx_hal_rcc.o
    0x08001544   0x00000080   Code   RO          990    i.HAL_SPI_Init      stm32f4xx_hal_spi.o
    0x080015c4   0x00000060   Code   RO         1838    i.HAL_SPI_MspInit   stm32f4xx_hal_msp.o
    0x08001624   0x00000168   Code   RO          998    i.HAL_SPI_Transmit  stm32f4xx_hal_spi.o
    0x0800178c   0x00000018   Code   RO          152    i.HAL_SYSTICK_CLKSourceConfig  stm32f4xx_hal_cortex.o
    0x080017a4   0x00000002   Code   RO          153    i.HAL_SYSTICK_Callback  stm32f4xx_hal_cortex.o
    0x080017a6   0x00000028   Code   RO          154    i.HAL_SYSTICK_Config  stm32f4xx_hal_cortex.o
    0x080017ce   0x00000008   Code   RO          155    i.HAL_SYSTICK_IRQHandler  stm32f4xx_hal_cortex.o
    0x080017d6   0x00000062   Code   RO          416    i.HAL_UART_Init     stm32f4xx_hal_uart.o
    0x08001838   0x00000058   Code   RO         1840    i.HAL_UART_MspInit  stm32f4xx_hal_msp.o
    0x08001890   0x000000b6   Code   RO          419    i.HAL_UART_Receive  stm32f4xx_hal_uart.o
    0x08001946   0x00000002   Code   RO         1886    i.HardFault_Handler  stm32f4xx_it.o
    0x08001948   0x00000060   Code   RO         2068    i.Initial_Inscription  lcd.o
    0x080019a8   0x000000e8   Code   RO         1959    i.MX_GPIO_Init      main.o
    0x08001a90   0x00000040   Code   RO         1960    i.MX_SPI2_Init      main.o
    0x08001ad0   0x00000034   Code   RO         1961    i.MX_USART3_UART_Init  main.o
    0x08001b04   0x00000002   Code   RO         1887    i.MemManage_Handler  stm32f4xx_it.o
    0x08001b06   0x00000002   Code   RO         1888    i.NMI_Handler       stm32f4xx_it.o
    0x08001b08   0x00000020   Code   RO          156    i.NVIC_SetPriority  stm32f4xx_hal_cortex.o
    0x08001b28   0x0000002c   Code   RO         2121    i.Output_Line       gps.o
    0x08001b54   0x00000038   Code   RO         2167    i.PCD8544_Clear     tm_stm32f4_pcd8544.o
    0x08001b8c   0x00000048   Code   RO         2173    i.PCD8544_DrawPixel  tm_stm32f4_pcd8544.o
    0x08001bd4   0x0000000c   Code   RO         2175    i.PCD8544_GotoXY    tm_stm32f4_pcd8544.o
    0x08001be0   0x00000016   Code   RO         2176    i.PCD8544_Home      tm_stm32f4_pcd8544.o
    0x08001bf6   0x00000002   PAD
    0x08001bf8   0x00000034   Code   RO         2179    i.PCD8544_Pin       tm_stm32f4_pcd8544.o
    0x08001c2c   0x000000d8   Code   RO         2180    i.PCD8544_Putc      tm_stm32f4_pcd8544.o
    0x08001d04   0x0000001c   Code   RO         2181    i.PCD8544_Puts      tm_stm32f4_pcd8544.o
    0x08001d20   0x0000007c   Code   RO         2182    i.PCD8544_Refresh   tm_stm32f4_pcd8544.o
    0x08001d9c   0x0000002c   Code   RO         2184    i.PCD8544_UpdateArea  tm_stm32f4_pcd8544.o
    0x08001dc8   0x00000020   Code   RO         2185    i.PCD8544_Write     tm_stm32f4_pcd8544.o
    0x08001de8   0x00000030   Code   RO         2186    i.PCD8544_send      tm_stm32f4_pcd8544.o
    0x08001e18   0x00000002   Code   RO         1889    i.PendSV_Handler    stm32f4xx_it.o
    0x08001e1a   0x00000002   PAD
    0x08001e1c   0x00000034   Code   RO         2031    i.ReadDeviceAddress  flash_memory.o
    0x08001e50   0x00000020   Code   RO         1014    i.SPI_CheckFlag_BSY  stm32f4xx_hal_spi.o
    0x08001e70   0x00000094   Code   RO         1032    i.SPI_WaitFlagStateUntilTimeout  stm32f4xx_hal_spi.o
    0x08001f04   0x00000002   Code   RO         1890    i.SVC_Handler       stm32f4xx_it.o
    0x08001f06   0x0000001c   Code   RO         2122    i.SearchCommaGGA    gps.o
    0x08001f22   0x00000002   PAD
    0x08001f24   0x0000009c   Code   RO         2069    i.Second_Button     lcd.o
    0x08001fc0   0x0000001c   Code   RO         2123    i.StringInFloat     gps.o
    0x08001fdc   0x0000000e   Code   RO         1891    i.SysTick_Handler   stm32f4xx_it.o
    0x08001fea   0x00000002   PAD
    0x08001fec   0x000000a0   Code   RO         1962    i.SystemClock_Config  main.o
    0x0800208c   0x00000054   Code   RO           14    i.SystemInit        system_stm32f4xx.o
    0x080020e0   0x0000003c   Code   RO         2070    i.Theird_Button     lcd.o
    0x0800211c   0x000002ac   Code   RO          442    i.UART_SetConfig    stm32f4xx_hal_uart.o
    0x080023c8   0x00000064   Code   RO          444    i.UART_WaitOnFlagUntilTimeout  stm32f4xx_hal_uart.o
    0x0800242c   0x00000002   Code   RO         1892    i.UsageFault_Handler  stm32f4xx_it.o
    0x0800242e   0x00000002   PAD
    0x08002430   0x00000058   Code   RO         2032    i.WriteDeviceAddress  flash_memory.o
    0x08002488   0x000000f8   Code   RO         1963    i.WriteGGAdata      main.o
    0x08002580   0x0000005c   Code   RO         2124    i.WriteGPSinMassiv  gps.o
    0x080025dc   0x0000006a   Code   RO         2071    i.WriteMasForLCD    lcd.o
    0x08002646   0x00000002   PAD
    0x08002648   0x00000030   Code   RO         2072    i.WriteNewCoordin   lcd.o
    0x08002678   0x00000078   Code   RO         1964    i.WriteRMCdata      main.o
    0x080026f0   0x00000038   Code   RO         2304    i.__hardfp_atof     m_wm.l(atof.o)
    0x08002728   0x0000000c   Code   RO         2330    i.__read_errno      mc_w.l(errno.o)
    0x08002734   0x0000000e   Code   RO         2370    i.__scatterload_copy  mc_w.l(handlers.o)
    0x08002742   0x00000002   Code   RO         2371    i.__scatterload_null  mc_w.l(handlers.o)
    0x08002744   0x0000000e   Code   RO         2372    i.__scatterload_zeroinit  mc_w.l(handlers.o)
    0x08002752   0x00000002   PAD
    0x08002754   0x0000000c   Code   RO         2331    i.__set_errno       mc_w.l(errno.o)
    0x08002760   0x0000000e   Code   RO         2345    i._is_digit         mc_w.l(scanf_fp.o)
    0x0800276e   0x00000002   PAD
    0x08002770   0x00000154   Code   RO         1966    i.main              main.o
    0x080028c4   0x00000010   Data   RO           15    .constdata          system_stm32f4xx.o
    0x080028d4   0x00000008   Data   RO           16    .constdata          system_stm32f4xx.o
    0x080028dc   0x00000384   Data   RO         2188    .constdata          tm_stm32f4_pcd8544.o
    0x08002c60   0x00000040   Data   RO         2350    .constdata          mc_w.l(ctype_c.o)
    0x08002ca0   0x00000020   Data   RO         2368    Region$$Table       anon$$obj.o


    Execution Region RW_IRAM1 (Base: 0x20000000, Size: 0x000006c8, Max: 0x00020000, ABSOLUTE)

    Base Addr    Size         Type   Attr      Idx    E Section Name        Object

    0x20000000   0x00000004   Data   RW           17    .data               system_stm32f4xx.o
    0x20000004   0x00000004   Data   RW         1318    .data               stm32f4xx_hal.o
    0x20000008   0x00000006   Data   RW         2189    .data               tm_stm32f4_pcd8544.o
    0x2000000e   0x00000002   PAD
    0x20000010   0x00000004   Data   RW         2332    .data               mc_w.l(errno.o)
    0x20000014   0x00000020   Zero   RW          818    .bss                stm32f4xx_hal_flash.o
    0x20000034   0x00000098   Zero   RW         1967    .bss                main.o
    0x200000cc   0x000001f8   Zero   RW         2187    .bss                tm_stm32f4_pcd8544.o
    0x200002c4   0x00000004   PAD
    0x200002c8   0x00000400   Zero   RW            1    STACK               startup_stm32f407xx.o


==============================================================================

Image component sizes


      Code (inc. data)   RO Data    RW Data    ZI Data      Debug   Object Name

       140         10          0          0          0       1914   flash_memory.o
       192          4          0          0          0       2522   gps.o
       658         84          0          0          0       3760   lcd.o
      1216         54          0          0        152       8514   main.o
        36          8        392          0       1024        840   startup_stm32f407xx.o
       120         22          0          4          0       4123   stm32f4xx_hal.o
       206         24          0          0          0      31568   stm32f4xx_hal_cortex.o
       512         66          0          0         32       6786   stm32f4xx_hal_flash.o
        88          4          0          0          0        705   stm32f4xx_hal_flash_ex.o
       456         44          0          0          0       3035   stm32f4xx_hal_gpio.o
       272         34          0          0          0       2371   stm32f4xx_hal_msp.o
      1388         76          0          0          0       5864   stm32f4xx_hal_rcc.o
       668          0          0          0          0       3862   stm32f4xx_hal_spi.o
      1064          8          0          0          0       3931   stm32f4xx_hal_uart.o
        30          0          0          0          0       4626   stm32f4xx_it.o
        84         18         24          4          0     658999   system_stm32f4xx.o
       706         60        900          6        504       8263   tm_stm32f4_pcd8544.o

    ----------------------------------------------------------------------
      7850        516       1348         16       1716     751683   Object Totals
         0          0         32          0          0          0   (incl. Generated)
        14          0          0          2          4          0   (incl. Padding)

    ----------------------------------------------------------------------

      Code (inc. data)   RO Data    RW Data    ZI Data      Debug   Library Member Name

        56         12          0          0          0        132   atof.o
        64          0          0          0          0         84   _sgetc.o
        40          6         64          0          0         68   ctype_c.o
         0          0          0          0          0          0   entry.o
         0          0          0          0          0          0   entry10a.o
         0          0          0          0          0          0   entry11a.o
         8          4          0          0          0          0   entry2.o
         4          0          0          0          0          0   entry5.o
         0          0          0          0          0          0   entry7b.o
         0          0          0          0          0          0   entry8b.o
         8          4          0          0          0          0   entry9a.o
        24         12          0          4          0        136   errno.o
        30          0          0          0          0          0   handlers.o
        36          8          0          0          0         68   init.o
        10          0          0          0          0         68   isspace_c.o
         0          0          0          0          0          0   iusefp.o
        30          0          0          0          0         68   llshl.o
        32          0          0          0          0         68   llushr.o
       842         12          0          0          0        216   scanf_fp.o
        18          0          0          0          0         68   strcpy.o
       156         14          0          0          0        120   strtod.o
        56          0          0          0          0         88   d2f.o
       222          0          0          0          0        100   ddiv.o
       190          0          0          0          0        176   depilogue.o
        24          0          0          0          0         76   dfltul.o
       228          0          0          0          0         96   dmul.o
       108          0          0          0          0        168   fepilogue.o

    ----------------------------------------------------------------------
      2194         72         64          4          0       1800   Library Totals
         8          0          0          0          0          0   (incl. Padding)

    ----------------------------------------------------------------------

      Code (inc. data)   RO Data    RW Data    ZI Data      Debug   Library Name

        56         12          0          0          0        132   m_wm.l
      1302         60         64          4          0        964   mc_w.l
       828          0          0          0          0        704   mf_w.l

    ----------------------------------------------------------------------
      2194         72         64          4          0       1800   Library Totals

    ----------------------------------------------------------------------

==============================================================================


      Code (inc. data)   RO Data    RW Data    ZI Data      Debug   

     10044        588       1412         20       1716     745255   Grand Totals
     10044        588       1412         20       1716     745255   ELF Image Totals
     10044        588       1412         20          0          0   ROM Totals

==============================================================================

    Total RO  Size (Code + RO Data)                11456 (  11.19kB)
    Total RW  Size (RW Data + ZI Data)              1736 (   1.70kB)
    Total ROM Size (Code + RO Data + RW Data)      11476 (  11.21kB)

==============================================================================

