<html>
<body>
<pre>
<h1>µVision Build Log</h1>
<h2>Project:</h2>
C:\Users\Пользователь\Desktop\мои работы\Проекты по Программированию\gps_receiver\MDK-ARM\led.uvproj
Project File Date:  10/01/2018

<h2>Output:</h2>
Build target 'led'
linking...
Program Size: Code=10044 RO-data=1412 RW-data=20 ZI-data=1716  
"led\led.axf" - 0 Error(s), 0 Warning(s).
</pre>
</body>
</html>
ning:  #550-D: parameter "to" was set but never used
  void StringInFloat(char to, char *from, uint8_t next_comma)
..\Src\GPS.c: 2 warnings, 0 errors
linking...
Program Size: Code=10044 RO-data=1412 RW-data=20 ZI-data=1716  
"led\led.axf" - 0 Error(s), 2 Warning(s).
 errors
compiling LCD.c...
../Inc/my_function.h(13): warning:  #1295-D: Deprecated declaration Initial_Inscription - give arg types
        void Initial_Inscription();
../Inc/my_function.h(26): warning:  #1-D: last line of file ends without a newline
  #endif 
..\Src\LCD.c(93): warning:  #1-D: last line of file ends without a newline
  }
..\Src\LCD.c: 3 warnings, 0 errors
compiling GPS.c...
..\Src\GPS.c(5): error:  #169: expected a declaration
  extern struct GP{};
..\Src\GPS.c(5): warning:  #1000-D: a storage class may not be specified here
  extern struct GP{};
..\Src\GPS.c(53): error:  #137: expression must be a modifiable lvalue
        &to=atof(string);
..\Src\GPS.c: 1 warning, 2 errors
"led\led.axf" - 2 Error(s), 7 Warning(s).
Target not created
         
..\Src\GPS.c(80): error:  #70: incomplete type is not allowed
        StringInFloat(GPRMC.dat,from,9);
..\Src\GPS.c(87): error:  #20: identifier "data_GPS" is undefined
        while(data_GPS[counter]!='$')
..\Src\GPS.c: 1 warning, 9 errors
"led\led.axf" - 9 Error(s), 3 Warning(s).
Target not created
ng, 0 errors
compiling tm_stm32f4_pcd8544.c...
..\Drivers\tm_stm32f4_pcd8544.c(424): warning: C4017W: b may be used before being set
        unsigned char c_height, c_width, i, b, j;
..\Drivers\tm_stm32f4_pcd8544.c: 1 warning, 0 errors
linking...
led\led.axf: Error: L6218E: Undefined symbol Output_Line (referred from main.o).
led\led.axf: Error: L6218E: Undefined symbol StringInFloat (referred from main.o).
led\led.axf: Error: L6218E: Undefined symbol WriteGPSinMassiv (referred from main.o).
Not enough information to list image symbols.
Finished: 1 information, 0 warning and 3 error messages.
"led\led.axf" - 3 Error(s), 7 Warning(s).
Target not created

                                StringInFloat(&GPGGA.geom,data_GPS,comma+8);
../Src/main.c(172): error:  #167: argument of type "float *" is incompatible with parameter of type "char *"
                                StringInFloat(&GPGGA.vis1,data_GPS,comma+9);
../Src/main.c(175): error:  #167: argument of type "float *" is incompatible with parameter of type "char *"
                                StringInFloat(&GPGGA.vis2,data_GPS,comma+11);
../Src/main.c(97): warning:  #177-D: variable "data" was declared but never referenced
  uint8_t data;
../Src/main.c: 3 warnings, 13 errors
"led\led.axf" - 13 Error(s), 3 Warning(s).
Target not created
d
